Archive member included because of file (symbol)

c:/mohamed files/new folder/programes/azex collection/tools/tools/imt_sdk_win_32/winavr/bin/../lib/gcc/avr/4.3.3/avr5\libgcc.a(_divmodhi4.o)
                              ./HAL/LCD/LCD_program.o (__divmodhi4)
c:/mohamed files/new folder/programes/azex collection/tools/tools/imt_sdk_win_32/winavr/bin/../lib/gcc/avr/4.3.3/avr5\libgcc.a(_exit.o)
                              c:/mohamed files/new folder/programes/azex collection/tools/tools/imt_sdk_win_32/winavr/bin/../lib/gcc/avr/4.3.3/../../../../avr/lib/avr5/crtm32.o (exit)
c:/mohamed files/new folder/programes/azex collection/tools/tools/imt_sdk_win_32/winavr/bin/../lib/gcc/avr/4.3.3/avr5\libgcc.a(_copy_data.o)
                              ./HAL/SevSeg/SevSeg_program.o (__do_copy_data)
c:/mohamed files/new folder/programes/azex collection/tools/tools/imt_sdk_win_32/winavr/bin/../lib/gcc/avr/4.3.3/avr5\libgcc.a(_clear_bss.o)
                              ./MCAL/Timer/Timer2/Timer2_program.o (__do_clear_bss)
c:/mohamed files/new folder/programes/azex collection/tools/tools/imt_sdk_win_32/winavr/bin/../lib/gcc/avr/4.3.3/avr5\libgcc.a(_fixunssfsi.o)
                              ./MCAL/Timer/Timer2/Timer2_program.o (__fixunssfsi)
c:/mohamed files/new folder/programes/azex collection/tools/tools/imt_sdk_win_32/winavr/bin/../lib/gcc/avr/4.3.3/avr5\libgcc.a(_addsub_sf.o)
                              ./HAL/LCD/LCD_program.o (__subsf3)
c:/mohamed files/new folder/programes/azex collection/tools/tools/imt_sdk_win_32/winavr/bin/../lib/gcc/avr/4.3.3/avr5\libgcc.a(_mul_sf.o)
                              ./MCAL/Timer/Timer2/Timer2_program.o (__mulsf3)
c:/mohamed files/new folder/programes/azex collection/tools/tools/imt_sdk_win_32/winavr/bin/../lib/gcc/avr/4.3.3/avr5\libgcc.a(_div_sf.o)
                              ./MCAL/Timer/Timer2/Timer2_program.o (__divsf3)
c:/mohamed files/new folder/programes/azex collection/tools/tools/imt_sdk_win_32/winavr/bin/../lib/gcc/avr/4.3.3/avr5\libgcc.a(_gt_sf.o)
                              ./HAL/Stepper/Stepper_Program.o (__gtsf2)
c:/mohamed files/new folder/programes/azex collection/tools/tools/imt_sdk_win_32/winavr/bin/../lib/gcc/avr/4.3.3/avr5\libgcc.a(_ge_sf.o)
                              c:/mohamed files/new folder/programes/azex collection/tools/tools/imt_sdk_win_32/winavr/bin/../lib/gcc/avr/4.3.3/avr5\libgcc.a(_fixunssfsi.o) (__gesf2)
c:/mohamed files/new folder/programes/azex collection/tools/tools/imt_sdk_win_32/winavr/bin/../lib/gcc/avr/4.3.3/avr5\libgcc.a(_lt_sf.o)
                              ./HAL/Stepper/Stepper_Program.o (__ltsf2)
c:/mohamed files/new folder/programes/azex collection/tools/tools/imt_sdk_win_32/winavr/bin/../lib/gcc/avr/4.3.3/avr5\libgcc.a(_si_to_sf.o)
                              ./HAL/LCD/LCD_program.o (__floatsisf)
c:/mohamed files/new folder/programes/azex collection/tools/tools/imt_sdk_win_32/winavr/bin/../lib/gcc/avr/4.3.3/avr5\libgcc.a(_sf_to_si.o)
                              ./HAL/LCD/LCD_program.o (__fixsfsi)
c:/mohamed files/new folder/programes/azex collection/tools/tools/imt_sdk_win_32/winavr/bin/../lib/gcc/avr/4.3.3/avr5\libgcc.a(_thenan_sf.o)
                              c:/mohamed files/new folder/programes/azex collection/tools/tools/imt_sdk_win_32/winavr/bin/../lib/gcc/avr/4.3.3/avr5\libgcc.a(_addsub_sf.o) (__thenan_sf)
c:/mohamed files/new folder/programes/azex collection/tools/tools/imt_sdk_win_32/winavr/bin/../lib/gcc/avr/4.3.3/avr5\libgcc.a(_usi_to_sf.o)
                              ./MCAL/Timer/Timer2/Timer2_program.o (__floatunsisf)
c:/mohamed files/new folder/programes/azex collection/tools/tools/imt_sdk_win_32/winavr/bin/../lib/gcc/avr/4.3.3/avr5\libgcc.a(_udivmodhi4.o)
                              c:/mohamed files/new folder/programes/azex collection/tools/tools/imt_sdk_win_32/winavr/bin/../lib/gcc/avr/4.3.3/avr5\libgcc.a(_divmodhi4.o) (__udivmodhi4)
c:/mohamed files/new folder/programes/azex collection/tools/tools/imt_sdk_win_32/winavr/bin/../lib/gcc/avr/4.3.3/avr5\libgcc.a(_prologue.o)
                              c:/mohamed files/new folder/programes/azex collection/tools/tools/imt_sdk_win_32/winavr/bin/../lib/gcc/avr/4.3.3/avr5\libgcc.a(_addsub_sf.o) (__prologue_saves__)
c:/mohamed files/new folder/programes/azex collection/tools/tools/imt_sdk_win_32/winavr/bin/../lib/gcc/avr/4.3.3/avr5\libgcc.a(_epilogue.o)
                              c:/mohamed files/new folder/programes/azex collection/tools/tools/imt_sdk_win_32/winavr/bin/../lib/gcc/avr/4.3.3/avr5\libgcc.a(_addsub_sf.o) (__epilogue_restores__)
c:/mohamed files/new folder/programes/azex collection/tools/tools/imt_sdk_win_32/winavr/bin/../lib/gcc/avr/4.3.3/avr5\libgcc.a(_clzsi2.o)
                              c:/mohamed files/new folder/programes/azex collection/tools/tools/imt_sdk_win_32/winavr/bin/../lib/gcc/avr/4.3.3/avr5\libgcc.a(_si_to_sf.o) (__clzsi2)
c:/mohamed files/new folder/programes/azex collection/tools/tools/imt_sdk_win_32/winavr/bin/../lib/gcc/avr/4.3.3/avr5\libgcc.a(_pack_sf.o)
                              c:/mohamed files/new folder/programes/azex collection/tools/tools/imt_sdk_win_32/winavr/bin/../lib/gcc/avr/4.3.3/avr5\libgcc.a(_addsub_sf.o) (__pack_f)
c:/mohamed files/new folder/programes/azex collection/tools/tools/imt_sdk_win_32/winavr/bin/../lib/gcc/avr/4.3.3/avr5\libgcc.a(_unpack_sf.o)
                              c:/mohamed files/new folder/programes/azex collection/tools/tools/imt_sdk_win_32/winavr/bin/../lib/gcc/avr/4.3.3/avr5\libgcc.a(_addsub_sf.o) (__unpack_f)
c:/mohamed files/new folder/programes/azex collection/tools/tools/imt_sdk_win_32/winavr/bin/../lib/gcc/avr/4.3.3/avr5\libgcc.a(_fpcmp_parts_sf.o)
                              c:/mohamed files/new folder/programes/azex collection/tools/tools/imt_sdk_win_32/winavr/bin/../lib/gcc/avr/4.3.3/avr5\libgcc.a(_gt_sf.o) (__fpcmp_parts_f)
c:/mohamed files/new folder/programes/azex collection/tools/tools/imt_sdk_win_32/winavr/bin/../lib/gcc/avr/4.3.3/avr5\libgcc.a(_clz.o)
                              c:/mohamed files/new folder/programes/azex collection/tools/tools/imt_sdk_win_32/winavr/bin/../lib/gcc/avr/4.3.3/avr5\libgcc.a(_clzsi2.o) (__clz_tab)

Memory Configuration

Name             Origin             Length             Attributes
text             0x00000000         0x00020000         xr
data             0x00800060         0x0000ffa0         rw !x
eeprom           0x00810000         0x00010000         rw !x
fuse             0x00820000         0x00000400         rw !x
lock             0x00830000         0x00000400         rw !x
signature        0x00840000         0x00000400         rw !x
*default*        0x00000000         0xffffffff

Linker script and memory map

LOAD c:/mohamed files/new folder/programes/azex collection/tools/tools/imt_sdk_win_32/winavr/bin/../lib/gcc/avr/4.3.3/../../../../avr/lib/avr5/crtm32.o
LOAD ./MCAL/WDT/WDT_program.o
LOAD ./MCAL/Timer/Timer2/Timer2_program.o
LOAD ./MCAL/Timer/Timer1/Timer1_program.o
LOAD ./MCAL/Timer/Timer0/Timer0_program.o
LOAD ./MCAL/SPI/SPI_program.o
LOAD ./MCAL/Ext_Interrupts/Ext_Interrupts_program.o
LOAD ./MCAL/DIO/DIO_Program.o
LOAD ./MCAL/ADC/ADC_program.o
LOAD ./HAL/Switch_Comp/Switch_program.o
LOAD ./HAL/Stepper/Stepper_Program.o
LOAD ./HAL/SevSeg/SevSeg_program.o
LOAD ./HAL/LED/Led_Program.o
LOAD ./HAL/LCD/LCD_program.o
LOAD ./HAL/Keypad/KPD_Program.o
LOAD ./HAL/DC_Motor/DC_Motor_program.o
LOAD ./APP/stepper_Motor.o
LOAD ./main.o
LOAD c:/mohamed files/new folder/programes/azex collection/tools/tools/imt_sdk_win_32/winavr/bin/../lib/gcc/avr/4.3.3/avr5\libgcc.a
LOAD c:/mohamed files/new folder/programes/azex collection/tools/tools/imt_sdk_win_32/winavr/bin/../lib/gcc/avr/4.3.3/../../../../avr/lib/avr5\libc.a
LOAD c:/mohamed files/new folder/programes/azex collection/tools/tools/imt_sdk_win_32/winavr/bin/../lib/gcc/avr/4.3.3/avr5\libgcc.a

.hash
 *(.hash)

.dynsym
 *(.dynsym)

.dynstr
 *(.dynstr)

.gnu.version
 *(.gnu.version)

.gnu.version_d
 *(.gnu.version_d)

.gnu.version_r
 *(.gnu.version_r)

.rel.init
 *(.rel.init)

.rela.init
 *(.rela.init)

.rel.text
 *(.rel.text)
 *(.rel.text.*)
 *(.rel.gnu.linkonce.t*)

.rela.text
 *(.rela.text)
 *(.rela.text.*)
 *(.rela.gnu.linkonce.t*)

.rel.fini
 *(.rel.fini)

.rela.fini
 *(.rela.fini)

.rel.rodata
 *(.rel.rodata)
 *(.rel.rodata.*)
 *(.rel.gnu.linkonce.r*)

.rela.rodata
 *(.rela.rodata)
 *(.rela.rodata.*)
 *(.rela.gnu.linkonce.r*)

.rel.data
 *(.rel.data)
 *(.rel.data.*)
 *(.rel.gnu.linkonce.d*)

.rela.data
 *(.rela.data)
 *(.rela.data.*)
 *(.rela.gnu.linkonce.d*)

.rel.ctors
 *(.rel.ctors)

.rela.ctors
 *(.rela.ctors)

.rel.dtors
 *(.rel.dtors)

.rela.dtors
 *(.rela.dtors)

.rel.got
 *(.rel.got)

.rela.got
 *(.rela.got)

.rel.bss
 *(.rel.bss)

.rela.bss
 *(.rela.bss)

.rel.plt
 *(.rel.plt)

.rela.plt
 *(.rela.plt)

.text           0x00000000     0x69c0
 *(.vectors)
 .vectors       0x00000000       0x54 c:/mohamed files/new folder/programes/azex collection/tools/tools/imt_sdk_win_32/winavr/bin/../lib/gcc/avr/4.3.3/../../../../avr/lib/avr5/crtm32.o
                0x00000000                __vectors
                0x00000000                __vector_default
 *(.vectors)
 *(.progmem.gcc*)
 *(.progmem*)
                0x00000054                . = ALIGN (0x2)
                0x00000054                __trampolines_start = .
 *(.trampolines)
 .trampolines   0x00000054        0x0 linker stubs
 *(.trampolines*)
                0x00000054                __trampolines_end = .
 *(.jumptables)
 *(.jumptables*)
 *(.lowtext)
 *(.lowtext*)
                0x00000054                __ctors_start = .
 *(.ctors)
                0x00000054                __ctors_end = .
                0x00000054                __dtors_start = .
 *(.dtors)
                0x00000054                __dtors_end = .
 SORT(*)(.ctors)
 SORT(*)(.dtors)
 *(.init0)
 .init0         0x00000054        0x0 c:/mohamed files/new folder/programes/azex collection/tools/tools/imt_sdk_win_32/winavr/bin/../lib/gcc/avr/4.3.3/../../../../avr/lib/avr5/crtm32.o
                0x00000054                __init
 *(.init0)
 *(.init1)
 *(.init1)
 *(.init2)
 .init2         0x00000054        0xc c:/mohamed files/new folder/programes/azex collection/tools/tools/imt_sdk_win_32/winavr/bin/../lib/gcc/avr/4.3.3/../../../../avr/lib/avr5/crtm32.o
 *(.init2)
 *(.init3)
 *(.init3)
 *(.init4)
 .init4         0x00000060       0x16 c:/mohamed files/new folder/programes/azex collection/tools/tools/imt_sdk_win_32/winavr/bin/../lib/gcc/avr/4.3.3/avr5\libgcc.a(_copy_data.o)
                0x00000060                __do_copy_data
 .init4         0x00000076       0x10 c:/mohamed files/new folder/programes/azex collection/tools/tools/imt_sdk_win_32/winavr/bin/../lib/gcc/avr/4.3.3/avr5\libgcc.a(_clear_bss.o)
                0x00000076                __do_clear_bss
 *(.init4)
 *(.init5)
 *(.init5)
 *(.init6)
 *(.init6)
 *(.init7)
 *(.init7)
 *(.init8)
 *(.init8)
 *(.init9)
 .init9         0x00000086        0x8 c:/mohamed files/new folder/programes/azex collection/tools/tools/imt_sdk_win_32/winavr/bin/../lib/gcc/avr/4.3.3/../../../../avr/lib/avr5/crtm32.o
 *(.init9)
 *(.text)
 .text          0x0000008e        0x4 c:/mohamed files/new folder/programes/azex collection/tools/tools/imt_sdk_win_32/winavr/bin/../lib/gcc/avr/4.3.3/../../../../avr/lib/avr5/crtm32.o
                0x0000008e                __vector_12
                0x0000008e                __bad_interrupt
                0x0000008e                __vector_6
                0x0000008e                __vector_13
                0x0000008e                __vector_17
                0x0000008e                __vector_19
                0x0000008e                __vector_7
                0x0000008e                __vector_9
                0x0000008e                __vector_15
                0x0000008e                __vector_8
                0x0000008e                __vector_14
                0x0000008e                __vector_18
                0x0000008e                __vector_20
 .text          0x00000092        0x0 ./MCAL/WDT/WDT_program.o
 .text          0x00000092        0x0 ./MCAL/Timer/Timer2/Timer2_program.o
 .text          0x00000092        0x0 ./MCAL/Timer/Timer1/Timer1_program.o
 .text          0x00000092        0x0 ./MCAL/Timer/Timer0/Timer0_program.o
 .text          0x00000092        0x0 ./MCAL/SPI/SPI_program.o
 .text          0x00000092        0x0 ./MCAL/Ext_Interrupts/Ext_Interrupts_program.o
 .text          0x00000092        0x0 ./MCAL/DIO/DIO_Program.o
 .text          0x00000092        0x0 ./MCAL/ADC/ADC_program.o
 .text          0x00000092        0x0 ./HAL/Switch_Comp/Switch_program.o
 .text          0x00000092        0x0 ./HAL/Stepper/Stepper_Program.o
 .text          0x00000092        0x0 ./HAL/SevSeg/SevSeg_program.o
 .text          0x00000092        0x0 ./HAL/LED/Led_Program.o
 .text          0x00000092        0x0 ./HAL/LCD/LCD_program.o
 .text          0x00000092        0x0 ./HAL/Keypad/KPD_Program.o
 .text          0x00000092        0x0 ./HAL/DC_Motor/DC_Motor_program.o
 .text          0x00000092        0x0 ./APP/stepper_Motor.o
 .text          0x00000092        0x0 ./main.o
 .text          0x00000092        0x0 c:/mohamed files/new folder/programes/azex collection/tools/tools/imt_sdk_win_32/winavr/bin/../lib/gcc/avr/4.3.3/avr5\libgcc.a(_divmodhi4.o)
 .text          0x00000092        0x0 c:/mohamed files/new folder/programes/azex collection/tools/tools/imt_sdk_win_32/winavr/bin/../lib/gcc/avr/4.3.3/avr5\libgcc.a(_exit.o)
 .text          0x00000092        0x0 c:/mohamed files/new folder/programes/azex collection/tools/tools/imt_sdk_win_32/winavr/bin/../lib/gcc/avr/4.3.3/avr5\libgcc.a(_copy_data.o)
 .text          0x00000092        0x0 c:/mohamed files/new folder/programes/azex collection/tools/tools/imt_sdk_win_32/winavr/bin/../lib/gcc/avr/4.3.3/avr5\libgcc.a(_clear_bss.o)
 .text          0x00000092       0x58 c:/mohamed files/new folder/programes/azex collection/tools/tools/imt_sdk_win_32/winavr/bin/../lib/gcc/avr/4.3.3/avr5\libgcc.a(_fixunssfsi.o)
                0x00000092                __fixunssfsi
 .text          0x000000ea      0x354 c:/mohamed files/new folder/programes/azex collection/tools/tools/imt_sdk_win_32/winavr/bin/../lib/gcc/avr/4.3.3/avr5\libgcc.a(_addsub_sf.o)
                0x00000382                __subsf3
                0x000003e4                __addsf3
 .text          0x0000043e      0x1f4 c:/mohamed files/new folder/programes/azex collection/tools/tools/imt_sdk_win_32/winavr/bin/../lib/gcc/avr/4.3.3/avr5\libgcc.a(_mul_sf.o)
                0x0000043e                __mulsf3
 .text          0x00000632      0x158 c:/mohamed files/new folder/programes/azex collection/tools/tools/imt_sdk_win_32/winavr/bin/../lib/gcc/avr/4.3.3/avr5\libgcc.a(_div_sf.o)
                0x00000632                __divsf3
 .text          0x0000078a       0x60 c:/mohamed files/new folder/programes/azex collection/tools/tools/imt_sdk_win_32/winavr/bin/../lib/gcc/avr/4.3.3/avr5\libgcc.a(_gt_sf.o)
                0x0000078a                __gtsf2
 .text          0x000007ea       0x60 c:/mohamed files/new folder/programes/azex collection/tools/tools/imt_sdk_win_32/winavr/bin/../lib/gcc/avr/4.3.3/avr5\libgcc.a(_ge_sf.o)
                0x000007ea                __gesf2
 .text          0x0000084a       0x60 c:/mohamed files/new folder/programes/azex collection/tools/tools/imt_sdk_win_32/winavr/bin/../lib/gcc/avr/4.3.3/avr5\libgcc.a(_lt_sf.o)
                0x0000084a                __ltsf2
 .text          0x000008aa       0xbc c:/mohamed files/new folder/programes/azex collection/tools/tools/imt_sdk_win_32/winavr/bin/../lib/gcc/avr/4.3.3/avr5\libgcc.a(_si_to_sf.o)
                0x000008aa                __floatsisf
 .text          0x00000966       0xa8 c:/mohamed files/new folder/programes/azex collection/tools/tools/imt_sdk_win_32/winavr/bin/../lib/gcc/avr/4.3.3/avr5\libgcc.a(_sf_to_si.o)
                0x00000966                __fixsfsi
 .text          0x00000a0e        0x0 c:/mohamed files/new folder/programes/azex collection/tools/tools/imt_sdk_win_32/winavr/bin/../lib/gcc/avr/4.3.3/avr5\libgcc.a(_thenan_sf.o)
 .text          0x00000a0e       0xf2 c:/mohamed files/new folder/programes/azex collection/tools/tools/imt_sdk_win_32/winavr/bin/../lib/gcc/avr/4.3.3/avr5\libgcc.a(_usi_to_sf.o)
                0x00000a0e                __floatunsisf
 .text          0x00000b00        0x0 c:/mohamed files/new folder/programes/azex collection/tools/tools/imt_sdk_win_32/winavr/bin/../lib/gcc/avr/4.3.3/avr5\libgcc.a(_udivmodhi4.o)
 .text          0x00000b00        0x0 c:/mohamed files/new folder/programes/azex collection/tools/tools/imt_sdk_win_32/winavr/bin/../lib/gcc/avr/4.3.3/avr5\libgcc.a(_prologue.o)
 .text          0x00000b00        0x0 c:/mohamed files/new folder/programes/azex collection/tools/tools/imt_sdk_win_32/winavr/bin/../lib/gcc/avr/4.3.3/avr5\libgcc.a(_epilogue.o)
 .text          0x00000b00       0x9e c:/mohamed files/new folder/programes/azex collection/tools/tools/imt_sdk_win_32/winavr/bin/../lib/gcc/avr/4.3.3/avr5\libgcc.a(_clzsi2.o)
                0x00000b00                __clzsi2
 .text          0x00000b9e      0x1aa c:/mohamed files/new folder/programes/azex collection/tools/tools/imt_sdk_win_32/winavr/bin/../lib/gcc/avr/4.3.3/avr5\libgcc.a(_pack_sf.o)
                0x00000b9e                __pack_f
 .text          0x00000d48       0xf0 c:/mohamed files/new folder/programes/azex collection/tools/tools/imt_sdk_win_32/winavr/bin/../lib/gcc/avr/4.3.3/avr5\libgcc.a(_unpack_sf.o)
                0x00000d48                __unpack_f
 .text          0x00000e38       0xb2 c:/mohamed files/new folder/programes/azex collection/tools/tools/imt_sdk_win_32/winavr/bin/../lib/gcc/avr/4.3.3/avr5\libgcc.a(_fpcmp_parts_sf.o)
                0x00000e38                __fpcmp_parts_f
 .text          0x00000eea        0x0 c:/mohamed files/new folder/programes/azex collection/tools/tools/imt_sdk_win_32/winavr/bin/../lib/gcc/avr/4.3.3/avr5\libgcc.a(_clz.o)
                0x00000eea                . = ALIGN (0x2)
 *(.text.*)
 .text.WDT_voidSleep
                0x00000eea       0x2c ./MCAL/WDT/WDT_program.o
                0x00000eea                WDT_voidSleep
 .text.WDT_voidDisable
                0x00000f16       0x1c ./MCAL/WDT/WDT_program.o
                0x00000f16                WDT_voidDisable
 .text.WDT_voidRefresh
                0x00000f32       0x10 ./MCAL/WDT/WDT_program.o
                0x00000f32                WDT_voidRefresh
 .text.Timer2_voidInit
                0x00000f42       0x70 ./MCAL/Timer/Timer2/Timer2_program.o
                0x00000f42                Timer2_voidInit
 .text.Timer2_voidSetPin_softPWM
                0x00000fb2       0xb6 ./MCAL/Timer/Timer2/Timer2_program.o
                0x00000fb2                Timer2_voidSetPin_softPWM
 .text.Timer2_voidSetDuty_percentage
                0x00001068       0x68 ./MCAL/Timer/Timer2/Timer2_program.o
                0x00001068                Timer2_voidSetDuty_percentage
 .text.ISR_soft_pwm_OVF
                0x000010d0       0x1e ./MCAL/Timer/Timer2/Timer2_program.o
 .text.ISR_soft_pwm_CTC
                0x000010ee       0x1e ./MCAL/Timer/Timer2/Timer2_program.o
 .text.Timer2_voidFastPWM_percentage
                0x0000110c       0x68 ./MCAL/Timer/Timer2/Timer2_program.o
                0x0000110c                Timer2_voidFastPWM_percentage
 .text.Timer2_voidDelay_ms
                0x00001174       0x22 ./MCAL/Timer/Timer2/Timer2_program.o
                0x00001174                Timer2_voidDelay_ms
 .text.Timer2_OVF_setCallbackFunc
                0x00001196       0x24 ./MCAL/Timer/Timer2/Timer2_program.o
                0x00001196                Timer2_OVF_setCallbackFunc
 .text.Timer2_CTC_setCallbackFunc
                0x000011ba       0x24 ./MCAL/Timer/Timer2/Timer2_program.o
                0x000011ba                Timer2_CTC_setCallbackFunc
 .text.__vector_5
                0x000011de       0x66 ./MCAL/Timer/Timer2/Timer2_program.o
                0x000011de                __vector_5
 .text.__vector_4
                0x00001244       0x66 ./MCAL/Timer/Timer2/Timer2_program.o
                0x00001244                __vector_4
 .text.Timer1_init
                0x000012aa       0x8c ./MCAL/Timer/Timer1/Timer1_program.o
                0x000012aa                Timer1_init
 .text.Timer0_voidInit
                0x00001336       0x8c ./MCAL/Timer/Timer0/Timer0_program.o
                0x00001336                Timer0_voidInit
 .text.Timer0_voidInterruptDisable
                0x000013c2       0x2a ./MCAL/Timer/Timer0/Timer0_program.o
                0x000013c2                Timer0_voidInterruptDisable
 .text.Timer0_voidInterruptEnable
                0x000013ec       0x2a ./MCAL/Timer/Timer0/Timer0_program.o
                0x000013ec                Timer0_voidInterruptEnable
 .text.Timer0_voidSetPin_softPWM
                0x00001416       0xaa ./MCAL/Timer/Timer0/Timer0_program.o
                0x00001416                Timer0_voidSetPin_softPWM
 .text.Timer0_voidSetDuty_percentage
                0x000014c0       0x7e ./MCAL/Timer/Timer0/Timer0_program.o
                0x000014c0                Timer0_voidSetDuty_percentage
 .text.ISR_soft_pwm_OVF
                0x0000153e       0x1e ./MCAL/Timer/Timer0/Timer0_program.o
 .text.ISR_soft_pwm_CTC
                0x0000155c       0x1e ./MCAL/Timer/Timer0/Timer0_program.o
 .text.Timer0_voidFastPWM_percentage
                0x0000157a       0x68 ./MCAL/Timer/Timer0/Timer0_program.o
                0x0000157a                Timer0_voidFastPWM_percentage
 .text.Timer0_voidDelay_ms
                0x000015e2       0x22 ./MCAL/Timer/Timer0/Timer0_program.o
                0x000015e2                Timer0_voidDelay_ms
 .text.Timer0_OVF_setCallbackFunc
                0x00001604       0x24 ./MCAL/Timer/Timer0/Timer0_program.o
                0x00001604                Timer0_OVF_setCallbackFunc
 .text.Timer0_CTC_setCallbackFunc
                0x00001628       0x24 ./MCAL/Timer/Timer0/Timer0_program.o
                0x00001628                Timer0_CTC_setCallbackFunc
 .text.__vector_11
                0x0000164c       0x66 ./MCAL/Timer/Timer0/Timer0_program.o
                0x0000164c                __vector_11
 .text.__vector_10
                0x000016b2       0x66 ./MCAL/Timer/Timer0/Timer0_program.o
                0x000016b2                __vector_10
 .text.SPI_SlaveInit
                0x00001718       0x38 ./MCAL/SPI/SPI_program.o
                0x00001718                SPI_SlaveInit
 .text.SPI_TransRecieve
                0x00001750       0x2a ./MCAL/SPI/SPI_program.o
                0x00001750                SPI_TransRecieve
 .text.EXTI_init
                0x0000177a       0x30 ./MCAL/Ext_Interrupts/Ext_Interrupts_program.o
                0x0000177a                EXTI_init
 .text.EXTI_Enable
                0x000017aa       0xd2 ./MCAL/Ext_Interrupts/Ext_Interrupts_program.o
                0x000017aa                EXTI_Enable
 .text.EXTI_Disable
                0x0000187c       0x6e ./MCAL/Ext_Interrupts/Ext_Interrupts_program.o
                0x0000187c                EXTI_Disable
 .text.setCallback_INT0
                0x000018ea       0x24 ./MCAL/Ext_Interrupts/Ext_Interrupts_program.o
                0x000018ea                setCallback_INT0
 .text.setCallback_INT1
                0x0000190e       0x24 ./MCAL/Ext_Interrupts/Ext_Interrupts_program.o
                0x0000190e                setCallback_INT1
 .text.setCallback_INT2
                0x00001932       0x24 ./MCAL/Ext_Interrupts/Ext_Interrupts_program.o
                0x00001932                setCallback_INT2
 .text.__vector_1
                0x00001956       0x66 ./MCAL/Ext_Interrupts/Ext_Interrupts_program.o
                0x00001956                __vector_1
 .text.__vector_2
                0x000019bc       0x66 ./MCAL/Ext_Interrupts/Ext_Interrupts_program.o
                0x000019bc                __vector_2
 .text.__vector_3
                0x00001a22       0x66 ./MCAL/Ext_Interrupts/Ext_Interrupts_program.o
                0x00001a22                __vector_3
 .text.DIO_ErrStateSetPinDirection
                0x00001a88      0x226 ./MCAL/DIO/DIO_Program.o
                0x00001a88                DIO_ErrStateSetPinDirection
 .text.DIO_ErrStateSetPinValue
                0x00001cae      0x226 ./MCAL/DIO/DIO_Program.o
                0x00001cae                DIO_ErrStateSetPinValue
 .text.DIO_ErrStateReadPinValue
                0x00001ed4      0x128 ./MCAL/DIO/DIO_Program.o
                0x00001ed4                DIO_ErrStateReadPinValue
 .text.DIO_ErrStateSetGroupDirection
                0x00001ffc       0x92 ./MCAL/DIO/DIO_Program.o
                0x00001ffc                DIO_ErrStateSetGroupDirection
 .text.DIO_ErrStateSetGroupValue
                0x0000208e       0x92 ./MCAL/DIO/DIO_Program.o
                0x0000208e                DIO_ErrStateSetGroupValue
 .text.DIO_ErrStateReadGroupValue
                0x00002120       0xb6 ./MCAL/DIO/DIO_Program.o
                0x00002120                DIO_ErrStateReadGroupValue
 .text.ADC_init
                0x000021d6       0x62 ./MCAL/ADC/ADC_program.o
                0x000021d6                ADC_init
 .text.ADC_startConvertion
                0x00002238      0x2da ./MCAL/ADC/ADC_program.o
                0x00002238                ADC_startConvertion
 .text.ADC_read_Polling
                0x00002512       0x66 ./MCAL/ADC/ADC_program.o
                0x00002512                ADC_read_Polling
 .text.ADC_read
                0x00002578       0x18 ./MCAL/ADC/ADC_program.o
                0x00002578                ADC_read
 .text.ADC_interruptEnable
                0x00002590       0x2a ./MCAL/ADC/ADC_program.o
                0x00002590                ADC_interruptEnable
 .text.ADC_setCallbackFunc
                0x000025ba       0x24 ./MCAL/ADC/ADC_program.o
                0x000025ba                ADC_setCallbackFunc
 .text.__vector_16
                0x000025de       0x66 ./MCAL/ADC/ADC_program.o
                0x000025de                __vector_16
 .text.SW_SwitchErrStateInit
                0x00002644      0x140 ./HAL/Switch_Comp/Switch_program.o
                0x00002644                SW_SwitchErrStateInit
 .text.SW_SwitchErrStateGetState
                0x00002784       0x3c ./HAL/Switch_Comp/Switch_program.o
                0x00002784                SW_SwitchErrStateGetState
 .text.Stepper_StErrStateInit
                0x000027c0       0xb4 ./HAL/Stepper/Stepper_Program.o
                0x000027c0                Stepper_StErrStateInit
 .text.Stepper_StErrStateControlMotorRotate
                0x00002874      0x2ac ./HAL/Stepper/Stepper_Program.o
                0x00002874                Stepper_StErrStateControlMotorRotate
 .text.Stepper_voidCWFullSteps
                0x00002b20      0x4fa ./HAL/Stepper/Stepper_Program.o
 .text.Stepper_voidCCWFullSteps
                0x0000301a      0x4fa ./HAL/Stepper/Stepper_Program.o
 .text.Stepper_voidCWHalfSteps
                0x00003514      0xd88 ./HAL/Stepper/Stepper_Program.o
 .text.Stepper_voidCCWHalfSteps
                0x0000429c      0xd88 ./HAL/Stepper/Stepper_Program.o
 .text.SevSeg_SevErrInit
                0x00005024       0x26 ./HAL/SevSeg/SevSeg_program.o
                0x00005024                SevSeg_SevErrInit
 .text.SevSeg_SevErrStateSetNumber
                0x0000504a      0x12e ./HAL/SevSeg/SevSeg_program.o
                0x0000504a                SevSeg_SevErrStateSetNumber
 .text.SevSeg_SevErrStateDisplayRange
                0x00005178      0x29c ./HAL/SevSeg/SevSeg_program.o
                0x00005178                SevSeg_SevErrStateDisplayRange
 .text.Led_LedErrStateTurnOn
                0x00005414       0x66 ./HAL/LED/Led_Program.o
                0x00005414                Led_LedErrStateTurnOn
 .text.Led_LedErrStateTurnOff
                0x0000547a       0x66 ./HAL/LED/Led_Program.o
                0x0000547a                Led_LedErrStateTurnOff
 .text.LCD_VoidInit
                0x000054e0      0x426 ./HAL/LCD/LCD_program.o
                0x000054e0                LCD_VoidInit
 .text.LCD_VoidGoToXY
                0x00005906       0x58 ./HAL/LCD/LCD_program.o
                0x00005906                LCD_VoidGoToXY
 .text.LCD_VoidSendString
                0x0000595e       0x62 ./HAL/LCD/LCD_program.o
                0x0000595e                LCD_VoidSendString
 .text.LCD_VoidSendNum
                0x000059c0      0x154 ./HAL/LCD/LCD_program.o
                0x000059c0                LCD_VoidSendNum
 .text.LCD_VoidSendFloat
                0x00005b14       0xf6 ./HAL/LCD/LCD_program.o
                0x00005b14                LCD_VoidSendFloat
 .text.LCD_VoidWriteOnCGRAM
                0x00005c0a       0x86 ./HAL/LCD/LCD_program.o
                0x00005c0a                LCD_VoidWriteOnCGRAM
 .text.LCD_VoidDispCharCGRAM
                0x00005c90       0x2a ./HAL/LCD/LCD_program.o
                0x00005c90                LCD_VoidDispCharCGRAM
 .text.LCD_VoidSendCommand
                0x00005cba      0x250 ./HAL/LCD/LCD_program.o
                0x00005cba                LCD_VoidSendCommand
 .text.LCD_VoidSendChar
                0x00005f0a      0x250 ./HAL/LCD/LCD_program.o
                0x00005f0a                LCD_VoidSendChar
 .text.KPD_voidInit
                0x0000615a       0x66 ./HAL/Keypad/KPD_Program.o
                0x0000615a                KPD_voidInit
 .text.KPD_u8GetPressedKey
                0x000061c0      0x1e4 ./HAL/Keypad/KPD_Program.o
                0x000061c0                KPD_u8GetPressedKey
 .text.Motor_voidInit
                0x000063a4       0x4e ./HAL/DC_Motor/DC_Motor_program.o
                0x000063a4                Motor_voidInit
 .text.Motor_voidDirCtrl
                0x000063f2       0x7a ./HAL/DC_Motor/DC_Motor_program.o
                0x000063f2                Motor_voidDirCtrl
 .text.MOTOR_voidSpeed
                0x0000646c       0x6c ./HAL/DC_Motor/DC_Motor_program.o
                0x0000646c                MOTOR_voidSpeed
 .text.stepper_Motor
                0x000064d8      0x416 ./APP/stepper_Motor.o
                0x000064d8                stepper_Motor
 .text.main     0x000068ee       0x12 ./main.o
                0x000068ee                main
 .text.libgcc   0x00006900       0x26 c:/mohamed files/new folder/programes/azex collection/tools/tools/imt_sdk_win_32/winavr/bin/../lib/gcc/avr/4.3.3/avr5\libgcc.a(_divmodhi4.o)
                0x00006900                __divmodhi4
                0x00006900                _div
 .text.libgcc   0x00006926        0x0 c:/mohamed files/new folder/programes/azex collection/tools/tools/imt_sdk_win_32/winavr/bin/../lib/gcc/avr/4.3.3/avr5\libgcc.a(_exit.o)
 .text.libgcc   0x00006926        0x0 c:/mohamed files/new folder/programes/azex collection/tools/tools/imt_sdk_win_32/winavr/bin/../lib/gcc/avr/4.3.3/avr5\libgcc.a(_copy_data.o)
 .text.libgcc   0x00006926        0x0 c:/mohamed files/new folder/programes/azex collection/tools/tools/imt_sdk_win_32/winavr/bin/../lib/gcc/avr/4.3.3/avr5\libgcc.a(_clear_bss.o)
 .text.libgcc   0x00006926       0x28 c:/mohamed files/new folder/programes/azex collection/tools/tools/imt_sdk_win_32/winavr/bin/../lib/gcc/avr/4.3.3/avr5\libgcc.a(_udivmodhi4.o)
                0x00006926                __udivmodhi4
 .text.libgcc   0x0000694e       0x38 c:/mohamed files/new folder/programes/azex collection/tools/tools/imt_sdk_win_32/winavr/bin/../lib/gcc/avr/4.3.3/avr5\libgcc.a(_prologue.o)
                0x0000694e                __prologue_saves__
 .text.libgcc   0x00006986       0x36 c:/mohamed files/new folder/programes/azex collection/tools/tools/imt_sdk_win_32/winavr/bin/../lib/gcc/avr/4.3.3/avr5\libgcc.a(_epilogue.o)
                0x00006986                __epilogue_restores__
                0x000069bc                . = ALIGN (0x2)
 *(.fini9)
 .fini9         0x000069bc        0x0 c:/mohamed files/new folder/programes/azex collection/tools/tools/imt_sdk_win_32/winavr/bin/../lib/gcc/avr/4.3.3/avr5\libgcc.a(_exit.o)
                0x000069bc                exit
                0x000069bc                _exit
 *(.fini9)
 *(.fini8)
 *(.fini8)
 *(.fini7)
 *(.fini7)
 *(.fini6)
 *(.fini6)
 *(.fini5)
 *(.fini5)
 *(.fini4)
 *(.fini4)
 *(.fini3)
 *(.fini3)
 *(.fini2)
 *(.fini2)
 *(.fini1)
 *(.fini1)
 *(.fini0)
 .fini0         0x000069bc        0x4 c:/mohamed files/new folder/programes/azex collection/tools/tools/imt_sdk_win_32/winavr/bin/../lib/gcc/avr/4.3.3/avr5\libgcc.a(_exit.o)
 *(.fini0)
                0x000069c0                _etext = .

.data           0x00800060      0x12c load address 0x000069c0
                0x00800060                PROVIDE (__data_start, .)
 *(.data)
 .data          0x00800060        0x0 c:/mohamed files/new folder/programes/azex collection/tools/tools/imt_sdk_win_32/winavr/bin/../lib/gcc/avr/4.3.3/../../../../avr/lib/avr5/crtm32.o
 .data          0x00800060        0x0 ./MCAL/WDT/WDT_program.o
 .data          0x00800060        0x0 ./MCAL/Timer/Timer2/Timer2_program.o
 .data          0x00800060        0x0 ./MCAL/Timer/Timer1/Timer1_program.o
 .data          0x00800060        0x0 ./MCAL/Timer/Timer0/Timer0_program.o
 .data          0x00800060        0x0 ./MCAL/SPI/SPI_program.o
 .data          0x00800060        0x0 ./MCAL/Ext_Interrupts/Ext_Interrupts_program.o
 .data          0x00800060        0x0 ./MCAL/DIO/DIO_Program.o
 .data          0x00800060        0x0 ./MCAL/ADC/ADC_program.o
 .data          0x00800060        0x0 ./HAL/Switch_Comp/Switch_program.o
 .data          0x00800060        0x0 ./HAL/Stepper/Stepper_Program.o
 .data          0x00800060        0x0 ./HAL/SevSeg/SevSeg_program.o
 .data          0x00800060        0x0 ./HAL/LED/Led_Program.o
 .data          0x00800060        0x2 ./HAL/LCD/LCD_program.o
 .data          0x00800062        0x0 ./HAL/Keypad/KPD_Program.o
 .data          0x00800062        0x0 ./HAL/DC_Motor/DC_Motor_program.o
 .data          0x00800062        0x0 ./APP/stepper_Motor.o
 .data          0x00800062        0x0 ./main.o
 .data          0x00800062        0x0 c:/mohamed files/new folder/programes/azex collection/tools/tools/imt_sdk_win_32/winavr/bin/../lib/gcc/avr/4.3.3/avr5\libgcc.a(_divmodhi4.o)
 .data          0x00800062        0x0 c:/mohamed files/new folder/programes/azex collection/tools/tools/imt_sdk_win_32/winavr/bin/../lib/gcc/avr/4.3.3/avr5\libgcc.a(_exit.o)
 .data          0x00800062        0x0 c:/mohamed files/new folder/programes/azex collection/tools/tools/imt_sdk_win_32/winavr/bin/../lib/gcc/avr/4.3.3/avr5\libgcc.a(_copy_data.o)
 .data          0x00800062        0x0 c:/mohamed files/new folder/programes/azex collection/tools/tools/imt_sdk_win_32/winavr/bin/../lib/gcc/avr/4.3.3/avr5\libgcc.a(_clear_bss.o)
 .data          0x00800062        0x0 c:/mohamed files/new folder/programes/azex collection/tools/tools/imt_sdk_win_32/winavr/bin/../lib/gcc/avr/4.3.3/avr5\libgcc.a(_fixunssfsi.o)
 .data          0x00800062        0x0 c:/mohamed files/new folder/programes/azex collection/tools/tools/imt_sdk_win_32/winavr/bin/../lib/gcc/avr/4.3.3/avr5\libgcc.a(_addsub_sf.o)
 .data          0x00800062        0x0 c:/mohamed files/new folder/programes/azex collection/tools/tools/imt_sdk_win_32/winavr/bin/../lib/gcc/avr/4.3.3/avr5\libgcc.a(_mul_sf.o)
 .data          0x00800062        0x0 c:/mohamed files/new folder/programes/azex collection/tools/tools/imt_sdk_win_32/winavr/bin/../lib/gcc/avr/4.3.3/avr5\libgcc.a(_div_sf.o)
 .data          0x00800062        0x0 c:/mohamed files/new folder/programes/azex collection/tools/tools/imt_sdk_win_32/winavr/bin/../lib/gcc/avr/4.3.3/avr5\libgcc.a(_gt_sf.o)
 .data          0x00800062        0x0 c:/mohamed files/new folder/programes/azex collection/tools/tools/imt_sdk_win_32/winavr/bin/../lib/gcc/avr/4.3.3/avr5\libgcc.a(_ge_sf.o)
 .data          0x00800062        0x0 c:/mohamed files/new folder/programes/azex collection/tools/tools/imt_sdk_win_32/winavr/bin/../lib/gcc/avr/4.3.3/avr5\libgcc.a(_lt_sf.o)
 .data          0x00800062        0x0 c:/mohamed files/new folder/programes/azex collection/tools/tools/imt_sdk_win_32/winavr/bin/../lib/gcc/avr/4.3.3/avr5\libgcc.a(_si_to_sf.o)
 .data          0x00800062        0x0 c:/mohamed files/new folder/programes/azex collection/tools/tools/imt_sdk_win_32/winavr/bin/../lib/gcc/avr/4.3.3/avr5\libgcc.a(_sf_to_si.o)
 .data          0x00800062        0x8 c:/mohamed files/new folder/programes/azex collection/tools/tools/imt_sdk_win_32/winavr/bin/../lib/gcc/avr/4.3.3/avr5\libgcc.a(_thenan_sf.o)
                0x00800062                __thenan_sf
 .data          0x0080006a        0x0 c:/mohamed files/new folder/programes/azex collection/tools/tools/imt_sdk_win_32/winavr/bin/../lib/gcc/avr/4.3.3/avr5\libgcc.a(_usi_to_sf.o)
 .data          0x0080006a        0x0 c:/mohamed files/new folder/programes/azex collection/tools/tools/imt_sdk_win_32/winavr/bin/../lib/gcc/avr/4.3.3/avr5\libgcc.a(_udivmodhi4.o)
 .data          0x0080006a        0x0 c:/mohamed files/new folder/programes/azex collection/tools/tools/imt_sdk_win_32/winavr/bin/../lib/gcc/avr/4.3.3/avr5\libgcc.a(_prologue.o)
 .data          0x0080006a        0x0 c:/mohamed files/new folder/programes/azex collection/tools/tools/imt_sdk_win_32/winavr/bin/../lib/gcc/avr/4.3.3/avr5\libgcc.a(_epilogue.o)
 .data          0x0080006a        0x0 c:/mohamed files/new folder/programes/azex collection/tools/tools/imt_sdk_win_32/winavr/bin/../lib/gcc/avr/4.3.3/avr5\libgcc.a(_clzsi2.o)
 .data          0x0080006a        0x0 c:/mohamed files/new folder/programes/azex collection/tools/tools/imt_sdk_win_32/winavr/bin/../lib/gcc/avr/4.3.3/avr5\libgcc.a(_pack_sf.o)
 .data          0x0080006a        0x0 c:/mohamed files/new folder/programes/azex collection/tools/tools/imt_sdk_win_32/winavr/bin/../lib/gcc/avr/4.3.3/avr5\libgcc.a(_unpack_sf.o)
 .data          0x0080006a        0x0 c:/mohamed files/new folder/programes/azex collection/tools/tools/imt_sdk_win_32/winavr/bin/../lib/gcc/avr/4.3.3/avr5\libgcc.a(_fpcmp_parts_sf.o)
 .data          0x0080006a      0x100 c:/mohamed files/new folder/programes/azex collection/tools/tools/imt_sdk_win_32/winavr/bin/../lib/gcc/avr/4.3.3/avr5\libgcc.a(_clz.o)
                0x0080006a                __clz_tab
 *(.data*)
 .data.SevSeg_Arr
                0x0080016a        0xa ./HAL/SevSeg/SevSeg_program.o
                0x0080016a                SevSeg_Arr
 *(.rodata)
 *(.rodata*)
 .rodata.KPD_u8SwitchVal
                0x00800174       0x10 ./HAL/Keypad/KPD_Program.o
                0x00800174                KPD_u8SwitchVal
 .rodata.KPD_u8RowsPins
                0x00800184        0x4 ./HAL/Keypad/KPD_Program.o
                0x00800184                KPD_u8RowsPins
 .rodata.KPD_u8ColsPins
                0x00800188        0x4 ./HAL/Keypad/KPD_Program.o
                0x00800188                KPD_u8ColsPins
 *(.gnu.linkonce.d*)
                0x0080018c                . = ALIGN (0x2)
                0x0080018c                _edata = .
                0x0080018c                PROVIDE (__data_end, .)

.bss            0x0080018c       0x14
                0x0080018c                PROVIDE (__bss_start, .)
 *(.bss)
 .bss           0x0080018c        0x0 c:/mohamed files/new folder/programes/azex collection/tools/tools/imt_sdk_win_32/winavr/bin/../lib/gcc/avr/4.3.3/../../../../avr/lib/avr5/crtm32.o
 .bss           0x0080018c        0x0 ./MCAL/WDT/WDT_program.o
 .bss           0x0080018c        0x0 ./MCAL/Timer/Timer2/Timer2_program.o
 .bss           0x0080018c        0x0 ./MCAL/Timer/Timer1/Timer1_program.o
 .bss           0x0080018c        0x0 ./MCAL/Timer/Timer0/Timer0_program.o
 .bss           0x0080018c        0x0 ./MCAL/SPI/SPI_program.o
 .bss           0x0080018c        0x0 ./MCAL/Ext_Interrupts/Ext_Interrupts_program.o
 .bss           0x0080018c        0x0 ./MCAL/DIO/DIO_Program.o
 .bss           0x0080018c        0x0 ./MCAL/ADC/ADC_program.o
 .bss           0x0080018c        0x0 ./HAL/Switch_Comp/Switch_program.o
 .bss           0x0080018c        0x0 ./HAL/Stepper/Stepper_Program.o
 .bss           0x0080018c        0x0 ./HAL/SevSeg/SevSeg_program.o
 .bss           0x0080018c        0x0 ./HAL/LED/Led_Program.o
 .bss           0x0080018c        0x0 ./HAL/LCD/LCD_program.o
 .bss           0x0080018c        0x0 ./HAL/Keypad/KPD_Program.o
 .bss           0x0080018c        0x0 ./HAL/DC_Motor/DC_Motor_program.o
 .bss           0x0080018c        0x0 ./APP/stepper_Motor.o
 .bss           0x0080018c        0x0 ./main.o
 .bss           0x0080018c        0x0 c:/mohamed files/new folder/programes/azex collection/tools/tools/imt_sdk_win_32/winavr/bin/../lib/gcc/avr/4.3.3/avr5\libgcc.a(_divmodhi4.o)
 .bss           0x0080018c        0x0 c:/mohamed files/new folder/programes/azex collection/tools/tools/imt_sdk_win_32/winavr/bin/../lib/gcc/avr/4.3.3/avr5\libgcc.a(_exit.o)
 .bss           0x0080018c        0x0 c:/mohamed files/new folder/programes/azex collection/tools/tools/imt_sdk_win_32/winavr/bin/../lib/gcc/avr/4.3.3/avr5\libgcc.a(_copy_data.o)
 .bss           0x0080018c        0x0 c:/mohamed files/new folder/programes/azex collection/tools/tools/imt_sdk_win_32/winavr/bin/../lib/gcc/avr/4.3.3/avr5\libgcc.a(_clear_bss.o)
 .bss           0x0080018c        0x0 c:/mohamed files/new folder/programes/azex collection/tools/tools/imt_sdk_win_32/winavr/bin/../lib/gcc/avr/4.3.3/avr5\libgcc.a(_fixunssfsi.o)
 .bss           0x0080018c        0x0 c:/mohamed files/new folder/programes/azex collection/tools/tools/imt_sdk_win_32/winavr/bin/../lib/gcc/avr/4.3.3/avr5\libgcc.a(_addsub_sf.o)
 .bss           0x0080018c        0x0 c:/mohamed files/new folder/programes/azex collection/tools/tools/imt_sdk_win_32/winavr/bin/../lib/gcc/avr/4.3.3/avr5\libgcc.a(_mul_sf.o)
 .bss           0x0080018c        0x0 c:/mohamed files/new folder/programes/azex collection/tools/tools/imt_sdk_win_32/winavr/bin/../lib/gcc/avr/4.3.3/avr5\libgcc.a(_div_sf.o)
 .bss           0x0080018c        0x0 c:/mohamed files/new folder/programes/azex collection/tools/tools/imt_sdk_win_32/winavr/bin/../lib/gcc/avr/4.3.3/avr5\libgcc.a(_gt_sf.o)
 .bss           0x0080018c        0x0 c:/mohamed files/new folder/programes/azex collection/tools/tools/imt_sdk_win_32/winavr/bin/../lib/gcc/avr/4.3.3/avr5\libgcc.a(_ge_sf.o)
 .bss           0x0080018c        0x0 c:/mohamed files/new folder/programes/azex collection/tools/tools/imt_sdk_win_32/winavr/bin/../lib/gcc/avr/4.3.3/avr5\libgcc.a(_lt_sf.o)
 .bss           0x0080018c        0x0 c:/mohamed files/new folder/programes/azex collection/tools/tools/imt_sdk_win_32/winavr/bin/../lib/gcc/avr/4.3.3/avr5\libgcc.a(_si_to_sf.o)
 .bss           0x0080018c        0x0 c:/mohamed files/new folder/programes/azex collection/tools/tools/imt_sdk_win_32/winavr/bin/../lib/gcc/avr/4.3.3/avr5\libgcc.a(_sf_to_si.o)
 .bss           0x0080018c        0x0 c:/mohamed files/new folder/programes/azex collection/tools/tools/imt_sdk_win_32/winavr/bin/../lib/gcc/avr/4.3.3/avr5\libgcc.a(_thenan_sf.o)
 .bss           0x0080018c        0x0 c:/mohamed files/new folder/programes/azex collection/tools/tools/imt_sdk_win_32/winavr/bin/../lib/gcc/avr/4.3.3/avr5\libgcc.a(_usi_to_sf.o)
 .bss           0x0080018c        0x0 c:/mohamed files/new folder/programes/azex collection/tools/tools/imt_sdk_win_32/winavr/bin/../lib/gcc/avr/4.3.3/avr5\libgcc.a(_udivmodhi4.o)
 .bss           0x0080018c        0x0 c:/mohamed files/new folder/programes/azex collection/tools/tools/imt_sdk_win_32/winavr/bin/../lib/gcc/avr/4.3.3/avr5\libgcc.a(_prologue.o)
 .bss           0x0080018c        0x0 c:/mohamed files/new folder/programes/azex collection/tools/tools/imt_sdk_win_32/winavr/bin/../lib/gcc/avr/4.3.3/avr5\libgcc.a(_epilogue.o)
 .bss           0x0080018c        0x0 c:/mohamed files/new folder/programes/azex collection/tools/tools/imt_sdk_win_32/winavr/bin/../lib/gcc/avr/4.3.3/avr5\libgcc.a(_clzsi2.o)
 .bss           0x0080018c        0x0 c:/mohamed files/new folder/programes/azex collection/tools/tools/imt_sdk_win_32/winavr/bin/../lib/gcc/avr/4.3.3/avr5\libgcc.a(_pack_sf.o)
 .bss           0x0080018c        0x0 c:/mohamed files/new folder/programes/azex collection/tools/tools/imt_sdk_win_32/winavr/bin/../lib/gcc/avr/4.3.3/avr5\libgcc.a(_unpack_sf.o)
 .bss           0x0080018c        0x0 c:/mohamed files/new folder/programes/azex collection/tools/tools/imt_sdk_win_32/winavr/bin/../lib/gcc/avr/4.3.3/avr5\libgcc.a(_fpcmp_parts_sf.o)
 .bss           0x0080018c        0x0 c:/mohamed files/new folder/programes/azex collection/tools/tools/imt_sdk_win_32/winavr/bin/../lib/gcc/avr/4.3.3/avr5\libgcc.a(_clz.o)
 *(.bss*)
 .bss.ISR_Timer2_OVF
                0x0080018c        0x2 ./MCAL/Timer/Timer2/Timer2_program.o
 .bss.ISR_Timer2_CTC
                0x0080018e        0x2 ./MCAL/Timer/Timer2/Timer2_program.o
 .bss.pwm_pin   0x00800190        0x1 ./MCAL/Timer/Timer2/Timer2_program.o
 .bss.pwm_port  0x00800191        0x1 ./MCAL/Timer/Timer2/Timer2_program.o
 .bss.ISR_Timer0_OVF
                0x00800192        0x2 ./MCAL/Timer/Timer0/Timer0_program.o
 .bss.ISR_Timer0_CTC
                0x00800194        0x2 ./MCAL/Timer/Timer0/Timer0_program.o
 .bss.pwm_pin   0x00800196        0x1 ./MCAL/Timer/Timer0/Timer0_program.o
 .bss.pwm_port  0x00800197        0x1 ./MCAL/Timer/Timer0/Timer0_program.o
 .bss.INT0_ptr  0x00800198        0x2 ./MCAL/Ext_Interrupts/Ext_Interrupts_program.o
                0x00800198                INT0_ptr
 .bss.INT1_ptr  0x0080019a        0x2 ./MCAL/Ext_Interrupts/Ext_Interrupts_program.o
                0x0080019a                INT1_ptr
 .bss.INT2_ptr  0x0080019c        0x2 ./MCAL/Ext_Interrupts/Ext_Interrupts_program.o
                0x0080019c                INT2_ptr
 .bss.ISR_ptr   0x0080019e        0x2 ./MCAL/ADC/ADC_program.o
                0x0080019e                ISR_ptr
 *(COMMON)
                0x008001a0                PROVIDE (__bss_end, .)
                0x000069c0                __data_load_start = LOADADDR (.data)
                0x00006aec                __data_load_end = (__data_load_start + SIZEOF (.data))

.noinit         0x008001a0        0x0
                0x008001a0                PROVIDE (__noinit_start, .)
 *(.noinit*)
                0x008001a0                PROVIDE (__noinit_end, .)
                0x008001a0                _end = .
                0x008001a0                PROVIDE (__heap_start, .)

.eeprom         0x00810000        0x0
 *(.eeprom*)
                0x00810000                __eeprom_end = .

.fuse
 *(.fuse)
 *(.lfuse)
 *(.hfuse)
 *(.efuse)

.lock
 *(.lock*)

.signature
 *(.signature*)

.stab           0x00000000     0x6d44
 *(.stab)
 .stab          0x00000000      0x258 ./MCAL/WDT/WDT_program.o
 .stab          0x00000258      0x5c4 ./MCAL/Timer/Timer2/Timer2_program.o
                                0x5d0 (size before relaxing)
 .stab          0x0000081c      0x21c ./MCAL/Timer/Timer1/Timer1_program.o
                                0x228 (size before relaxing)
 .stab          0x00000a38      0x66c ./MCAL/Timer/Timer0/Timer0_program.o
                                0x678 (size before relaxing)
 .stab          0x000010a4      0x414 ./MCAL/SPI/SPI_program.o
                                0x420 (size before relaxing)
 .stab          0x000014b8      0x54c ./MCAL/Ext_Interrupts/Ext_Interrupts_program.o
                                0x558 (size before relaxing)
 .stab          0x00001a04      0x6d8 ./MCAL/DIO/DIO_Program.o
                                0x6e4 (size before relaxing)
 .stab          0x000020dc      0x5c4 ./MCAL/ADC/ADC_program.o
                                0x5d0 (size before relaxing)
 .stab          0x000026a0      0x3a8 ./HAL/Switch_Comp/Switch_program.o
                                0x3b4 (size before relaxing)
 .stab          0x00002a48     0x1bc0 ./HAL/Stepper/Stepper_Program.o
                               0x1d4c (size before relaxing)
 .stab          0x00004608      0x690 ./HAL/SevSeg/SevSeg_program.o
                                0x828 (size before relaxing)
 .stab          0x00004c98      0x390 ./HAL/LED/Led_Program.o
                                0x39c (size before relaxing)
 .stab          0x00005028      0xe34 ./HAL/LCD/LCD_program.o
                                0xfd8 (size before relaxing)
 .stab          0x00005e5c      0x510 ./HAL/Keypad/KPD_Program.o
                                0x6b4 (size before relaxing)
 .stab          0x0000636c      0x3e4 ./HAL/DC_Motor/DC_Motor_program.o
                                0x3f0 (size before relaxing)
 .stab          0x00006750      0x4b0 ./APP/stepper_Motor.o
                                0x678 (size before relaxing)
 .stab          0x00006c00      0x144 ./main.o
                                0x2f4 (size before relaxing)

.stabstr        0x00000000     0x35a8
 *(.stabstr)
 .stabstr       0x00000000     0x35a8 ./MCAL/WDT/WDT_program.o

.stab.excl
 *(.stab.excl)

.stab.exclstr
 *(.stab.exclstr)

.stab.index
 *(.stab.index)

.stab.indexstr
 *(.stab.indexstr)

.comment
 *(.comment)

.debug
 *(.debug)

.line
 *(.line)

.debug_srcinfo
 *(.debug_srcinfo)

.debug_sfnames
 *(.debug_sfnames)

.debug_aranges  0x00000000      0x1c0
 *(.debug_aranges)
 .debug_aranges
                0x00000000       0x20 c:/mohamed files/new folder/programes/azex collection/tools/tools/imt_sdk_win_32/winavr/bin/../lib/gcc/avr/4.3.3/avr5\libgcc.a(_fixunssfsi.o)
 .debug_aranges
                0x00000020       0x20 c:/mohamed files/new folder/programes/azex collection/tools/tools/imt_sdk_win_32/winavr/bin/../lib/gcc/avr/4.3.3/avr5\libgcc.a(_addsub_sf.o)
 .debug_aranges
                0x00000040       0x20 c:/mohamed files/new folder/programes/azex collection/tools/tools/imt_sdk_win_32/winavr/bin/../lib/gcc/avr/4.3.3/avr5\libgcc.a(_mul_sf.o)
 .debug_aranges
                0x00000060       0x20 c:/mohamed files/new folder/programes/azex collection/tools/tools/imt_sdk_win_32/winavr/bin/../lib/gcc/avr/4.3.3/avr5\libgcc.a(_div_sf.o)
 .debug_aranges
                0x00000080       0x20 c:/mohamed files/new folder/programes/azex collection/tools/tools/imt_sdk_win_32/winavr/bin/../lib/gcc/avr/4.3.3/avr5\libgcc.a(_gt_sf.o)
 .debug_aranges
                0x000000a0       0x20 c:/mohamed files/new folder/programes/azex collection/tools/tools/imt_sdk_win_32/winavr/bin/../lib/gcc/avr/4.3.3/avr5\libgcc.a(_ge_sf.o)
 .debug_aranges
                0x000000c0       0x20 c:/mohamed files/new folder/programes/azex collection/tools/tools/imt_sdk_win_32/winavr/bin/../lib/gcc/avr/4.3.3/avr5\libgcc.a(_lt_sf.o)
 .debug_aranges
                0x000000e0       0x20 c:/mohamed files/new folder/programes/azex collection/tools/tools/imt_sdk_win_32/winavr/bin/../lib/gcc/avr/4.3.3/avr5\libgcc.a(_si_to_sf.o)
 .debug_aranges
                0x00000100       0x20 c:/mohamed files/new folder/programes/azex collection/tools/tools/imt_sdk_win_32/winavr/bin/../lib/gcc/avr/4.3.3/avr5\libgcc.a(_sf_to_si.o)
 .debug_aranges
                0x00000120       0x20 c:/mohamed files/new folder/programes/azex collection/tools/tools/imt_sdk_win_32/winavr/bin/../lib/gcc/avr/4.3.3/avr5\libgcc.a(_usi_to_sf.o)
 .debug_aranges
                0x00000140       0x20 c:/mohamed files/new folder/programes/azex collection/tools/tools/imt_sdk_win_32/winavr/bin/../lib/gcc/avr/4.3.3/avr5\libgcc.a(_clzsi2.o)
 .debug_aranges
                0x00000160       0x20 c:/mohamed files/new folder/programes/azex collection/tools/tools/imt_sdk_win_32/winavr/bin/../lib/gcc/avr/4.3.3/avr5\libgcc.a(_pack_sf.o)
 .debug_aranges
                0x00000180       0x20 c:/mohamed files/new folder/programes/azex collection/tools/tools/imt_sdk_win_32/winavr/bin/../lib/gcc/avr/4.3.3/avr5\libgcc.a(_unpack_sf.o)
 .debug_aranges
                0x000001a0       0x20 c:/mohamed files/new folder/programes/azex collection/tools/tools/imt_sdk_win_32/winavr/bin/../lib/gcc/avr/4.3.3/avr5\libgcc.a(_fpcmp_parts_sf.o)

.debug_pubnames
                0x00000000      0x214
 *(.debug_pubnames)
 .debug_pubnames
                0x00000000       0x23 c:/mohamed files/new folder/programes/azex collection/tools/tools/imt_sdk_win_32/winavr/bin/../lib/gcc/avr/4.3.3/avr5\libgcc.a(_fixunssfsi.o)
 .debug_pubnames
                0x00000023       0x2c c:/mohamed files/new folder/programes/azex collection/tools/tools/imt_sdk_win_32/winavr/bin/../lib/gcc/avr/4.3.3/avr5\libgcc.a(_addsub_sf.o)
 .debug_pubnames
                0x0000004f       0x1f c:/mohamed files/new folder/programes/azex collection/tools/tools/imt_sdk_win_32/winavr/bin/../lib/gcc/avr/4.3.3/avr5\libgcc.a(_mul_sf.o)
 .debug_pubnames
                0x0000006e       0x1f c:/mohamed files/new folder/programes/azex collection/tools/tools/imt_sdk_win_32/winavr/bin/../lib/gcc/avr/4.3.3/avr5\libgcc.a(_div_sf.o)
 .debug_pubnames
                0x0000008d       0x1e c:/mohamed files/new folder/programes/azex collection/tools/tools/imt_sdk_win_32/winavr/bin/../lib/gcc/avr/4.3.3/avr5\libgcc.a(_gt_sf.o)
 .debug_pubnames
                0x000000ab       0x1e c:/mohamed files/new folder/programes/azex collection/tools/tools/imt_sdk_win_32/winavr/bin/../lib/gcc/avr/4.3.3/avr5\libgcc.a(_ge_sf.o)
 .debug_pubnames
                0x000000c9       0x1e c:/mohamed files/new folder/programes/azex collection/tools/tools/imt_sdk_win_32/winavr/bin/../lib/gcc/avr/4.3.3/avr5\libgcc.a(_lt_sf.o)
 .debug_pubnames
                0x000000e7       0x22 c:/mohamed files/new folder/programes/azex collection/tools/tools/imt_sdk_win_32/winavr/bin/../lib/gcc/avr/4.3.3/avr5\libgcc.a(_si_to_sf.o)
 .debug_pubnames
                0x00000109       0x20 c:/mohamed files/new folder/programes/azex collection/tools/tools/imt_sdk_win_32/winavr/bin/../lib/gcc/avr/4.3.3/avr5\libgcc.a(_sf_to_si.o)
 .debug_pubnames
                0x00000129       0x22 c:/mohamed files/new folder/programes/azex collection/tools/tools/imt_sdk_win_32/winavr/bin/../lib/gcc/avr/4.3.3/avr5\libgcc.a(_thenan_sf.o)
 .debug_pubnames
                0x0000014b       0x24 c:/mohamed files/new folder/programes/azex collection/tools/tools/imt_sdk_win_32/winavr/bin/../lib/gcc/avr/4.3.3/avr5\libgcc.a(_usi_to_sf.o)
 .debug_pubnames
                0x0000016f       0x1f c:/mohamed files/new folder/programes/azex collection/tools/tools/imt_sdk_win_32/winavr/bin/../lib/gcc/avr/4.3.3/avr5\libgcc.a(_clzsi2.o)
 .debug_pubnames
                0x0000018e       0x1f c:/mohamed files/new folder/programes/azex collection/tools/tools/imt_sdk_win_32/winavr/bin/../lib/gcc/avr/4.3.3/avr5\libgcc.a(_pack_sf.o)
 .debug_pubnames
                0x000001ad       0x21 c:/mohamed files/new folder/programes/azex collection/tools/tools/imt_sdk_win_32/winavr/bin/../lib/gcc/avr/4.3.3/avr5\libgcc.a(_unpack_sf.o)
 .debug_pubnames
                0x000001ce       0x26 c:/mohamed files/new folder/programes/azex collection/tools/tools/imt_sdk_win_32/winavr/bin/../lib/gcc/avr/4.3.3/avr5\libgcc.a(_fpcmp_parts_sf.o)
 .debug_pubnames
                0x000001f4       0x20 c:/mohamed files/new folder/programes/azex collection/tools/tools/imt_sdk_win_32/winavr/bin/../lib/gcc/avr/4.3.3/avr5\libgcc.a(_clz.o)

.debug_info     0x00000000     0x2612
 *(.debug_info)
 .debug_info    0x00000000       0xb1 c:/mohamed files/new folder/programes/azex collection/tools/tools/imt_sdk_win_32/winavr/bin/../lib/gcc/avr/4.3.3/avr5\libgcc.a(_fixunssfsi.o)
 .debug_info    0x000000b1      0x47a c:/mohamed files/new folder/programes/azex collection/tools/tools/imt_sdk_win_32/winavr/bin/../lib/gcc/avr/4.3.3/avr5\libgcc.a(_addsub_sf.o)
 .debug_info    0x0000052b      0x485 c:/mohamed files/new folder/programes/azex collection/tools/tools/imt_sdk_win_32/winavr/bin/../lib/gcc/avr/4.3.3/avr5\libgcc.a(_mul_sf.o)
 .debug_info    0x000009b0      0x3fc c:/mohamed files/new folder/programes/azex collection/tools/tools/imt_sdk_win_32/winavr/bin/../lib/gcc/avr/4.3.3/avr5\libgcc.a(_div_sf.o)
 .debug_info    0x00000dac      0x27f c:/mohamed files/new folder/programes/azex collection/tools/tools/imt_sdk_win_32/winavr/bin/../lib/gcc/avr/4.3.3/avr5\libgcc.a(_gt_sf.o)
 .debug_info    0x0000102b      0x27f c:/mohamed files/new folder/programes/azex collection/tools/tools/imt_sdk_win_32/winavr/bin/../lib/gcc/avr/4.3.3/avr5\libgcc.a(_ge_sf.o)
 .debug_info    0x000012aa      0x27f c:/mohamed files/new folder/programes/azex collection/tools/tools/imt_sdk_win_32/winavr/bin/../lib/gcc/avr/4.3.3/avr5\libgcc.a(_lt_sf.o)
 .debug_info    0x00001529      0x207 c:/mohamed files/new folder/programes/azex collection/tools/tools/imt_sdk_win_32/winavr/bin/../lib/gcc/avr/4.3.3/avr5\libgcc.a(_si_to_sf.o)
 .debug_info    0x00001730      0x2b0 c:/mohamed files/new folder/programes/azex collection/tools/tools/imt_sdk_win_32/winavr/bin/../lib/gcc/avr/4.3.3/avr5\libgcc.a(_sf_to_si.o)
 .debug_info    0x000019e0      0x12c c:/mohamed files/new folder/programes/azex collection/tools/tools/imt_sdk_win_32/winavr/bin/../lib/gcc/avr/4.3.3/avr5\libgcc.a(_thenan_sf.o)
 .debug_info    0x00001b0c      0x206 c:/mohamed files/new folder/programes/azex collection/tools/tools/imt_sdk_win_32/winavr/bin/../lib/gcc/avr/4.3.3/avr5\libgcc.a(_usi_to_sf.o)
 .debug_info    0x00001d12      0x117 c:/mohamed files/new folder/programes/azex collection/tools/tools/imt_sdk_win_32/winavr/bin/../lib/gcc/avr/4.3.3/avr5\libgcc.a(_clzsi2.o)
 .debug_info    0x00001e29      0x2df c:/mohamed files/new folder/programes/azex collection/tools/tools/imt_sdk_win_32/winavr/bin/../lib/gcc/avr/4.3.3/avr5\libgcc.a(_pack_sf.o)
 .debug_info    0x00002108      0x251 c:/mohamed files/new folder/programes/azex collection/tools/tools/imt_sdk_win_32/winavr/bin/../lib/gcc/avr/4.3.3/avr5\libgcc.a(_unpack_sf.o)
 .debug_info    0x00002359      0x210 c:/mohamed files/new folder/programes/azex collection/tools/tools/imt_sdk_win_32/winavr/bin/../lib/gcc/avr/4.3.3/avr5\libgcc.a(_fpcmp_parts_sf.o)
 .debug_info    0x00002569       0xa9 c:/mohamed files/new folder/programes/azex collection/tools/tools/imt_sdk_win_32/winavr/bin/../lib/gcc/avr/4.3.3/avr5\libgcc.a(_clz.o)
 *(.gnu.linkonce.wi.*)

.debug_abbrev   0x00000000     0x14ce
 *(.debug_abbrev)
 .debug_abbrev  0x00000000       0x5d c:/mohamed files/new folder/programes/azex collection/tools/tools/imt_sdk_win_32/winavr/bin/../lib/gcc/avr/4.3.3/avr5\libgcc.a(_fixunssfsi.o)
 .debug_abbrev  0x0000005d      0x1ea c:/mohamed files/new folder/programes/azex collection/tools/tools/imt_sdk_win_32/winavr/bin/../lib/gcc/avr/4.3.3/avr5\libgcc.a(_addsub_sf.o)
 .debug_abbrev  0x00000247      0x21b c:/mohamed files/new folder/programes/azex collection/tools/tools/imt_sdk_win_32/winavr/bin/../lib/gcc/avr/4.3.3/avr5\libgcc.a(_mul_sf.o)
 .debug_abbrev  0x00000462      0x216 c:/mohamed files/new folder/programes/azex collection/tools/tools/imt_sdk_win_32/winavr/bin/../lib/gcc/avr/4.3.3/avr5\libgcc.a(_div_sf.o)
 .debug_abbrev  0x00000678      0x15a c:/mohamed files/new folder/programes/azex collection/tools/tools/imt_sdk_win_32/winavr/bin/../lib/gcc/avr/4.3.3/avr5\libgcc.a(_gt_sf.o)
 .debug_abbrev  0x000007d2      0x15a c:/mohamed files/new folder/programes/azex collection/tools/tools/imt_sdk_win_32/winavr/bin/../lib/gcc/avr/4.3.3/avr5\libgcc.a(_ge_sf.o)
 .debug_abbrev  0x0000092c      0x15a c:/mohamed files/new folder/programes/azex collection/tools/tools/imt_sdk_win_32/winavr/bin/../lib/gcc/avr/4.3.3/avr5\libgcc.a(_lt_sf.o)
 .debug_abbrev  0x00000a86      0x148 c:/mohamed files/new folder/programes/azex collection/tools/tools/imt_sdk_win_32/winavr/bin/../lib/gcc/avr/4.3.3/avr5\libgcc.a(_si_to_sf.o)
 .debug_abbrev  0x00000bce      0x17f c:/mohamed files/new folder/programes/azex collection/tools/tools/imt_sdk_win_32/winavr/bin/../lib/gcc/avr/4.3.3/avr5\libgcc.a(_sf_to_si.o)
 .debug_abbrev  0x00000d4d       0xad c:/mohamed files/new folder/programes/azex collection/tools/tools/imt_sdk_win_32/winavr/bin/../lib/gcc/avr/4.3.3/avr5\libgcc.a(_thenan_sf.o)
 .debug_abbrev  0x00000dfa      0x157 c:/mohamed files/new folder/programes/azex collection/tools/tools/imt_sdk_win_32/winavr/bin/../lib/gcc/avr/4.3.3/avr5\libgcc.a(_usi_to_sf.o)
 .debug_abbrev  0x00000f51       0xc4 c:/mohamed files/new folder/programes/azex collection/tools/tools/imt_sdk_win_32/winavr/bin/../lib/gcc/avr/4.3.3/avr5\libgcc.a(_clzsi2.o)
 .debug_abbrev  0x00001015      0x1c0 c:/mohamed files/new folder/programes/azex collection/tools/tools/imt_sdk_win_32/winavr/bin/../lib/gcc/avr/4.3.3/avr5\libgcc.a(_pack_sf.o)
 .debug_abbrev  0x000011d5      0x154 c:/mohamed files/new folder/programes/azex collection/tools/tools/imt_sdk_win_32/winavr/bin/../lib/gcc/avr/4.3.3/avr5\libgcc.a(_unpack_sf.o)
 .debug_abbrev  0x00001329      0x13b c:/mohamed files/new folder/programes/azex collection/tools/tools/imt_sdk_win_32/winavr/bin/../lib/gcc/avr/4.3.3/avr5\libgcc.a(_fpcmp_parts_sf.o)
 .debug_abbrev  0x00001464       0x6a c:/mohamed files/new folder/programes/azex collection/tools/tools/imt_sdk_win_32/winavr/bin/../lib/gcc/avr/4.3.3/avr5\libgcc.a(_clz.o)

.debug_line     0x00000000     0x130b
 *(.debug_line)
 .debug_line    0x00000000       0xa7 c:/mohamed files/new folder/programes/azex collection/tools/tools/imt_sdk_win_32/winavr/bin/../lib/gcc/avr/4.3.3/avr5\libgcc.a(_fixunssfsi.o)
 .debug_line    0x000000a7      0x2af c:/mohamed files/new folder/programes/azex collection/tools/tools/imt_sdk_win_32/winavr/bin/../lib/gcc/avr/4.3.3/avr5\libgcc.a(_addsub_sf.o)
 .debug_line    0x00000356      0x239 c:/mohamed files/new folder/programes/azex collection/tools/tools/imt_sdk_win_32/winavr/bin/../lib/gcc/avr/4.3.3/avr5\libgcc.a(_mul_sf.o)
 .debug_line    0x0000058f      0x1d5 c:/mohamed files/new folder/programes/azex collection/tools/tools/imt_sdk_win_32/winavr/bin/../lib/gcc/avr/4.3.3/avr5\libgcc.a(_div_sf.o)
 .debug_line    0x00000764       0xd3 c:/mohamed files/new folder/programes/azex collection/tools/tools/imt_sdk_win_32/winavr/bin/../lib/gcc/avr/4.3.3/avr5\libgcc.a(_gt_sf.o)
 .debug_line    0x00000837       0xd3 c:/mohamed files/new folder/programes/azex collection/tools/tools/imt_sdk_win_32/winavr/bin/../lib/gcc/avr/4.3.3/avr5\libgcc.a(_ge_sf.o)
 .debug_line    0x0000090a       0xd3 c:/mohamed files/new folder/programes/azex collection/tools/tools/imt_sdk_win_32/winavr/bin/../lib/gcc/avr/4.3.3/avr5\libgcc.a(_lt_sf.o)
 .debug_line    0x000009dd      0x135 c:/mohamed files/new folder/programes/azex collection/tools/tools/imt_sdk_win_32/winavr/bin/../lib/gcc/avr/4.3.3/avr5\libgcc.a(_si_to_sf.o)
 .debug_line    0x00000b12      0x109 c:/mohamed files/new folder/programes/azex collection/tools/tools/imt_sdk_win_32/winavr/bin/../lib/gcc/avr/4.3.3/avr5\libgcc.a(_sf_to_si.o)
 .debug_line    0x00000c1b       0x90 c:/mohamed files/new folder/programes/azex collection/tools/tools/imt_sdk_win_32/winavr/bin/../lib/gcc/avr/4.3.3/avr5\libgcc.a(_thenan_sf.o)
 .debug_line    0x00000cab      0x133 c:/mohamed files/new folder/programes/azex collection/tools/tools/imt_sdk_win_32/winavr/bin/../lib/gcc/avr/4.3.3/avr5\libgcc.a(_usi_to_sf.o)
 .debug_line    0x00000dde       0xa5 c:/mohamed files/new folder/programes/azex collection/tools/tools/imt_sdk_win_32/winavr/bin/../lib/gcc/avr/4.3.3/avr5\libgcc.a(_clzsi2.o)
 .debug_line    0x00000e83      0x18a c:/mohamed files/new folder/programes/azex collection/tools/tools/imt_sdk_win_32/winavr/bin/../lib/gcc/avr/4.3.3/avr5\libgcc.a(_pack_sf.o)
 .debug_line    0x0000100d      0x14b c:/mohamed files/new folder/programes/azex collection/tools/tools/imt_sdk_win_32/winavr/bin/../lib/gcc/avr/4.3.3/avr5\libgcc.a(_unpack_sf.o)
 .debug_line    0x00001158      0x137 c:/mohamed files/new folder/programes/azex collection/tools/tools/imt_sdk_win_32/winavr/bin/../lib/gcc/avr/4.3.3/avr5\libgcc.a(_fpcmp_parts_sf.o)
 .debug_line    0x0000128f       0x7c c:/mohamed files/new folder/programes/azex collection/tools/tools/imt_sdk_win_32/winavr/bin/../lib/gcc/avr/4.3.3/avr5\libgcc.a(_clz.o)

.debug_frame    0x00000000      0x1e0
 *(.debug_frame)
 .debug_frame   0x00000000       0x20 c:/mohamed files/new folder/programes/azex collection/tools/tools/imt_sdk_win_32/winavr/bin/../lib/gcc/avr/4.3.3/avr5\libgcc.a(_fixunssfsi.o)
 .debug_frame   0x00000020       0x40 c:/mohamed files/new folder/programes/azex collection/tools/tools/imt_sdk_win_32/winavr/bin/../lib/gcc/avr/4.3.3/avr5\libgcc.a(_addsub_sf.o)
 .debug_frame   0x00000060       0x20 c:/mohamed files/new folder/programes/azex collection/tools/tools/imt_sdk_win_32/winavr/bin/../lib/gcc/avr/4.3.3/avr5\libgcc.a(_mul_sf.o)
 .debug_frame   0x00000080       0x20 c:/mohamed files/new folder/programes/azex collection/tools/tools/imt_sdk_win_32/winavr/bin/../lib/gcc/avr/4.3.3/avr5\libgcc.a(_div_sf.o)
 .debug_frame   0x000000a0       0x20 c:/mohamed files/new folder/programes/azex collection/tools/tools/imt_sdk_win_32/winavr/bin/../lib/gcc/avr/4.3.3/avr5\libgcc.a(_gt_sf.o)
 .debug_frame   0x000000c0       0x20 c:/mohamed files/new folder/programes/azex collection/tools/tools/imt_sdk_win_32/winavr/bin/../lib/gcc/avr/4.3.3/avr5\libgcc.a(_ge_sf.o)
 .debug_frame   0x000000e0       0x20 c:/mohamed files/new folder/programes/azex collection/tools/tools/imt_sdk_win_32/winavr/bin/../lib/gcc/avr/4.3.3/avr5\libgcc.a(_lt_sf.o)
 .debug_frame   0x00000100       0x20 c:/mohamed files/new folder/programes/azex collection/tools/tools/imt_sdk_win_32/winavr/bin/../lib/gcc/avr/4.3.3/avr5\libgcc.a(_si_to_sf.o)
 .debug_frame   0x00000120       0x20 c:/mohamed files/new folder/programes/azex collection/tools/tools/imt_sdk_win_32/winavr/bin/../lib/gcc/avr/4.3.3/avr5\libgcc.a(_sf_to_si.o)
 .debug_frame   0x00000140       0x20 c:/mohamed files/new folder/programes/azex collection/tools/tools/imt_sdk_win_32/winavr/bin/../lib/gcc/avr/4.3.3/avr5\libgcc.a(_usi_to_sf.o)
 .debug_frame   0x00000160       0x20 c:/mohamed files/new folder/programes/azex collection/tools/tools/imt_sdk_win_32/winavr/bin/../lib/gcc/avr/4.3.3/avr5\libgcc.a(_clzsi2.o)
 .debug_frame   0x00000180       0x20 c:/mohamed files/new folder/programes/azex collection/tools/tools/imt_sdk_win_32/winavr/bin/../lib/gcc/avr/4.3.3/avr5\libgcc.a(_pack_sf.o)
 .debug_frame   0x000001a0       0x20 c:/mohamed files/new folder/programes/azex collection/tools/tools/imt_sdk_win_32/winavr/bin/../lib/gcc/avr/4.3.3/avr5\libgcc.a(_unpack_sf.o)
 .debug_frame   0x000001c0       0x20 c:/mohamed files/new folder/programes/azex collection/tools/tools/imt_sdk_win_32/winavr/bin/../lib/gcc/avr/4.3.3/avr5\libgcc.a(_fpcmp_parts_sf.o)

.debug_str      0x00000000      0x307
 *(.debug_str)
 .debug_str     0x00000000       0xbf c:/mohamed files/new folder/programes/azex collection/tools/tools/imt_sdk_win_32/winavr/bin/../lib/gcc/avr/4.3.3/avr5\libgcc.a(_fixunssfsi.o)
                                 0xfe (size before relaxing)
 .debug_str     0x000000bf      0x14d c:/mohamed files/new folder/programes/azex collection/tools/tools/imt_sdk_win_32/winavr/bin/../lib/gcc/avr/4.3.3/avr5\libgcc.a(_addsub_sf.o)
                                0x206 (size before relaxing)
 .debug_str     0x0000020c       0x27 c:/mohamed files/new folder/programes/azex collection/tools/tools/imt_sdk_win_32/winavr/bin/../lib/gcc/avr/4.3.3/avr5\libgcc.a(_mul_sf.o)
                                0x1bf (size before relaxing)
 .debug_str     0x00000233       0x35 c:/mohamed files/new folder/programes/azex collection/tools/tools/imt_sdk_win_32/winavr/bin/../lib/gcc/avr/4.3.3/avr5\libgcc.a(_div_sf.o)
                                0x1c8 (size before relaxing)
 .debug_str     0x00000268        0x8 c:/mohamed files/new folder/programes/azex collection/tools/tools/imt_sdk_win_32/winavr/bin/../lib/gcc/avr/4.3.3/avr5\libgcc.a(_gt_sf.o)
                                0x195 (size before relaxing)
 .debug_str     0x00000270        0x8 c:/mohamed files/new folder/programes/azex collection/tools/tools/imt_sdk_win_32/winavr/bin/../lib/gcc/avr/4.3.3/avr5\libgcc.a(_ge_sf.o)
                                0x195 (size before relaxing)
 .debug_str     0x00000278        0x8 c:/mohamed files/new folder/programes/azex collection/tools/tools/imt_sdk_win_32/winavr/bin/../lib/gcc/avr/4.3.3/avr5\libgcc.a(_lt_sf.o)
                                0x195 (size before relaxing)
 .debug_str     0x00000280       0x1e c:/mohamed files/new folder/programes/azex collection/tools/tools/imt_sdk_win_32/winavr/bin/../lib/gcc/avr/4.3.3/avr5\libgcc.a(_si_to_sf.o)
                                0x17b (size before relaxing)
 .debug_str     0x0000029e        0xa c:/mohamed files/new folder/programes/azex collection/tools/tools/imt_sdk_win_32/winavr/bin/../lib/gcc/avr/4.3.3/avr5\libgcc.a(_sf_to_si.o)
                                0x19e (size before relaxing)
 .debug_str     0x00000000      0x103 c:/mohamed files/new folder/programes/azex collection/tools/tools/imt_sdk_win_32/winavr/bin/../lib/gcc/avr/4.3.3/avr5\libgcc.a(_thenan_sf.o)
 .debug_str     0x000002a8       0x14 c:/mohamed files/new folder/programes/azex collection/tools/tools/imt_sdk_win_32/winavr/bin/../lib/gcc/avr/4.3.3/avr5\libgcc.a(_usi_to_sf.o)
                                0x177 (size before relaxing)
 .debug_str     0x000002bc       0x20 c:/mohamed files/new folder/programes/azex collection/tools/tools/imt_sdk_win_32/winavr/bin/../lib/gcc/avr/4.3.3/avr5\libgcc.a(_clzsi2.o)
                                0x111 (size before relaxing)
 .debug_str     0x000002dc       0x10 c:/mohamed files/new folder/programes/azex collection/tools/tools/imt_sdk_win_32/winavr/bin/../lib/gcc/avr/4.3.3/avr5\libgcc.a(_pack_sf.o)
                                0x19d (size before relaxing)
 .debug_str     0x000002ec        0xb c:/mohamed files/new folder/programes/azex collection/tools/tools/imt_sdk_win_32/winavr/bin/../lib/gcc/avr/4.3.3/avr5\libgcc.a(_unpack_sf.o)
                                0x17f (size before relaxing)
 .debug_str     0x000002f7       0x10 c:/mohamed files/new folder/programes/azex collection/tools/tools/imt_sdk_win_32/winavr/bin/../lib/gcc/avr/4.3.3/avr5\libgcc.a(_fpcmp_parts_sf.o)
                                0x163 (size before relaxing)
 .debug_str     0x00000000       0xf4 c:/mohamed files/new folder/programes/azex collection/tools/tools/imt_sdk_win_32/winavr/bin/../lib/gcc/avr/4.3.3/avr5\libgcc.a(_clz.o)

.debug_loc      0x00000000      0xa1a
 *(.debug_loc)
 .debug_loc     0x00000000       0x34 c:/mohamed files/new folder/programes/azex collection/tools/tools/imt_sdk_win_32/winavr/bin/../lib/gcc/avr/4.3.3/avr5\libgcc.a(_fixunssfsi.o)
 .debug_loc     0x00000034      0x32a c:/mohamed files/new folder/programes/azex collection/tools/tools/imt_sdk_win_32/winavr/bin/../lib/gcc/avr/4.3.3/avr5\libgcc.a(_addsub_sf.o)
 .debug_loc     0x0000035e      0x104 c:/mohamed files/new folder/programes/azex collection/tools/tools/imt_sdk_win_32/winavr/bin/../lib/gcc/avr/4.3.3/avr5\libgcc.a(_mul_sf.o)
 .debug_loc     0x00000462       0xc0 c:/mohamed files/new folder/programes/azex collection/tools/tools/imt_sdk_win_32/winavr/bin/../lib/gcc/avr/4.3.3/avr5\libgcc.a(_div_sf.o)
 .debug_loc     0x00000522       0x3c c:/mohamed files/new folder/programes/azex collection/tools/tools/imt_sdk_win_32/winavr/bin/../lib/gcc/avr/4.3.3/avr5\libgcc.a(_gt_sf.o)
 .debug_loc     0x0000055e       0x3c c:/mohamed files/new folder/programes/azex collection/tools/tools/imt_sdk_win_32/winavr/bin/../lib/gcc/avr/4.3.3/avr5\libgcc.a(_ge_sf.o)
 .debug_loc     0x0000059a       0x3c c:/mohamed files/new folder/programes/azex collection/tools/tools/imt_sdk_win_32/winavr/bin/../lib/gcc/avr/4.3.3/avr5\libgcc.a(_lt_sf.o)
 .debug_loc     0x000005d6       0xac c:/mohamed files/new folder/programes/azex collection/tools/tools/imt_sdk_win_32/winavr/bin/../lib/gcc/avr/4.3.3/avr5\libgcc.a(_si_to_sf.o)
 .debug_loc     0x00000682       0x7e c:/mohamed files/new folder/programes/azex collection/tools/tools/imt_sdk_win_32/winavr/bin/../lib/gcc/avr/4.3.3/avr5\libgcc.a(_sf_to_si.o)
 .debug_loc     0x00000700       0x4c c:/mohamed files/new folder/programes/azex collection/tools/tools/imt_sdk_win_32/winavr/bin/../lib/gcc/avr/4.3.3/avr5\libgcc.a(_usi_to_sf.o)
 .debug_loc     0x0000074c       0x94 c:/mohamed files/new folder/programes/azex collection/tools/tools/imt_sdk_win_32/winavr/bin/../lib/gcc/avr/4.3.3/avr5\libgcc.a(_clzsi2.o)
 .debug_loc     0x000007e0      0x13e c:/mohamed files/new folder/programes/azex collection/tools/tools/imt_sdk_win_32/winavr/bin/../lib/gcc/avr/4.3.3/avr5\libgcc.a(_pack_sf.o)
 .debug_loc     0x0000091e       0xac c:/mohamed files/new folder/programes/azex collection/tools/tools/imt_sdk_win_32/winavr/bin/../lib/gcc/avr/4.3.3/avr5\libgcc.a(_unpack_sf.o)
 .debug_loc     0x000009ca       0x50 c:/mohamed files/new folder/programes/azex collection/tools/tools/imt_sdk_win_32/winavr/bin/../lib/gcc/avr/4.3.3/avr5\libgcc.a(_fpcmp_parts_sf.o)

.debug_macinfo
 *(.debug_macinfo)
OUTPUT(Ext_inturrpt_D.elf elf32-avr)
LOAD linker stubs

.debug_ranges   0x00000000       0x50
 .debug_ranges  0x00000000       0x50 c:/mohamed files/new folder/programes/azex collection/tools/tools/imt_sdk_win_32/winavr/bin/../lib/gcc/avr/4.3.3/avr5\libgcc.a(_mul_sf.o)
