Archive member included because of file (symbol)

c:/mohamed files/new folder/programes/azex collection/tools/tools/imt_sdk_win_32/winavr/bin/../lib/gcc/avr/4.3.3/avr5\libgcc.a(_exit.o)
                              c:/mohamed files/new folder/programes/azex collection/tools/tools/imt_sdk_win_32/winavr/bin/../lib/gcc/avr/4.3.3/../../../../avr/lib/avr5/crtm32.o (exit)
c:/mohamed files/new folder/programes/azex collection/tools/tools/imt_sdk_win_32/winavr/bin/../lib/gcc/avr/4.3.3/avr5\libgcc.a(_copy_data.o)
                              ./HAL/SevSeg/SevSeg_program.o (__do_copy_data)
c:/mohamed files/new folder/programes/azex collection/tools/tools/imt_sdk_win_32/winavr/bin/../lib/gcc/avr/4.3.3/avr5\libgcc.a(_fixunssfsi.o)
                              ./HAL/SevSeg/SevSeg_program.o (__fixunssfsi)
c:/mohamed files/new folder/programes/azex collection/tools/tools/imt_sdk_win_32/winavr/bin/../lib/gcc/avr/4.3.3/avr5\libgcc.a(_addsub_sf.o)
                              c:/mohamed files/new folder/programes/azex collection/tools/tools/imt_sdk_win_32/winavr/bin/../lib/gcc/avr/4.3.3/avr5\libgcc.a(_fixunssfsi.o) (__subsf3)
c:/mohamed files/new folder/programes/azex collection/tools/tools/imt_sdk_win_32/winavr/bin/../lib/gcc/avr/4.3.3/avr5\libgcc.a(_mul_sf.o)
                              ./HAL/SevSeg/SevSeg_program.o (__mulsf3)
c:/mohamed files/new folder/programes/azex collection/tools/tools/imt_sdk_win_32/winavr/bin/../lib/gcc/avr/4.3.3/avr5\libgcc.a(_div_sf.o)
                              ./Apps/App2.o (__divsf3)
c:/mohamed files/new folder/programes/azex collection/tools/tools/imt_sdk_win_32/winavr/bin/../lib/gcc/avr/4.3.3/avr5\libgcc.a(_gt_sf.o)
                              ./HAL/SevSeg/SevSeg_program.o (__gtsf2)
c:/mohamed files/new folder/programes/azex collection/tools/tools/imt_sdk_win_32/winavr/bin/../lib/gcc/avr/4.3.3/avr5\libgcc.a(_ge_sf.o)
                              c:/mohamed files/new folder/programes/azex collection/tools/tools/imt_sdk_win_32/winavr/bin/../lib/gcc/avr/4.3.3/avr5\libgcc.a(_fixunssfsi.o) (__gesf2)
c:/mohamed files/new folder/programes/azex collection/tools/tools/imt_sdk_win_32/winavr/bin/../lib/gcc/avr/4.3.3/avr5\libgcc.a(_lt_sf.o)
                              ./HAL/SevSeg/SevSeg_program.o (__ltsf2)
c:/mohamed files/new folder/programes/azex collection/tools/tools/imt_sdk_win_32/winavr/bin/../lib/gcc/avr/4.3.3/avr5\libgcc.a(_sf_to_si.o)
                              c:/mohamed files/new folder/programes/azex collection/tools/tools/imt_sdk_win_32/winavr/bin/../lib/gcc/avr/4.3.3/avr5\libgcc.a(_fixunssfsi.o) (__fixsfsi)
c:/mohamed files/new folder/programes/azex collection/tools/tools/imt_sdk_win_32/winavr/bin/../lib/gcc/avr/4.3.3/avr5\libgcc.a(_thenan_sf.o)
                              c:/mohamed files/new folder/programes/azex collection/tools/tools/imt_sdk_win_32/winavr/bin/../lib/gcc/avr/4.3.3/avr5\libgcc.a(_addsub_sf.o) (__thenan_sf)
c:/mohamed files/new folder/programes/azex collection/tools/tools/imt_sdk_win_32/winavr/bin/../lib/gcc/avr/4.3.3/avr5\libgcc.a(_prologue.o)
                              c:/mohamed files/new folder/programes/azex collection/tools/tools/imt_sdk_win_32/winavr/bin/../lib/gcc/avr/4.3.3/avr5\libgcc.a(_addsub_sf.o) (__prologue_saves__)
c:/mohamed files/new folder/programes/azex collection/tools/tools/imt_sdk_win_32/winavr/bin/../lib/gcc/avr/4.3.3/avr5\libgcc.a(_epilogue.o)
                              c:/mohamed files/new folder/programes/azex collection/tools/tools/imt_sdk_win_32/winavr/bin/../lib/gcc/avr/4.3.3/avr5\libgcc.a(_addsub_sf.o) (__epilogue_restores__)
c:/mohamed files/new folder/programes/azex collection/tools/tools/imt_sdk_win_32/winavr/bin/../lib/gcc/avr/4.3.3/avr5\libgcc.a(_pack_sf.o)
                              c:/mohamed files/new folder/programes/azex collection/tools/tools/imt_sdk_win_32/winavr/bin/../lib/gcc/avr/4.3.3/avr5\libgcc.a(_addsub_sf.o) (__pack_f)
c:/mohamed files/new folder/programes/azex collection/tools/tools/imt_sdk_win_32/winavr/bin/../lib/gcc/avr/4.3.3/avr5\libgcc.a(_unpack_sf.o)
                              c:/mohamed files/new folder/programes/azex collection/tools/tools/imt_sdk_win_32/winavr/bin/../lib/gcc/avr/4.3.3/avr5\libgcc.a(_addsub_sf.o) (__unpack_f)
c:/mohamed files/new folder/programes/azex collection/tools/tools/imt_sdk_win_32/winavr/bin/../lib/gcc/avr/4.3.3/avr5\libgcc.a(_fpcmp_parts_sf.o)
                              c:/mohamed files/new folder/programes/azex collection/tools/tools/imt_sdk_win_32/winavr/bin/../lib/gcc/avr/4.3.3/avr5\libgcc.a(_gt_sf.o) (__fpcmp_parts_f)

Memory Configuration

Name             Origin             Length             Attributes
text             0x00000000         0x00020000         xr
data             0x00800060         0x0000ffa0         rw !x
eeprom           0x00810000         0x00010000         rw !x
fuse             0x00820000         0x00000400         rw !x
lock             0x00830000         0x00000400         rw !x
signature        0x00840000         0x00000400         rw !x
*default*        0x00000000         0xffffffff

Linker script and memory map

LOAD c:/mohamed files/new folder/programes/azex collection/tools/tools/imt_sdk_win_32/winavr/bin/../lib/gcc/avr/4.3.3/../../../../avr/lib/avr5/crtm32.o
LOAD ./MCAL/DIO/DIO_Program.o
LOAD ./HAL/Switch_Comp/Switch_program.o
LOAD ./HAL/SevSeg/SevSeg_program.o
LOAD ./HAL/LED/Led_Program.o
LOAD ./Apps/App1.o
LOAD ./Apps/App2.o
LOAD ./main.o
LOAD c:/mohamed files/new folder/programes/azex collection/tools/tools/imt_sdk_win_32/winavr/bin/../lib/gcc/avr/4.3.3/avr5\libgcc.a
LOAD c:/mohamed files/new folder/programes/azex collection/tools/tools/imt_sdk_win_32/winavr/bin/../lib/gcc/avr/4.3.3/../../../../avr/lib/avr5\libc.a
LOAD c:/mohamed files/new folder/programes/azex collection/tools/tools/imt_sdk_win_32/winavr/bin/../lib/gcc/avr/4.3.3/avr5\libgcc.a

.hash
 *(.hash)

.dynsym
 *(.dynsym)

.dynstr
 *(.dynstr)

.gnu.version
 *(.gnu.version)

.gnu.version_d
 *(.gnu.version_d)

.gnu.version_r
 *(.gnu.version_r)

.rel.init
 *(.rel.init)

.rela.init
 *(.rela.init)

.rel.text
 *(.rel.text)
 *(.rel.text.*)
 *(.rel.gnu.linkonce.t*)

.rela.text
 *(.rela.text)
 *(.rela.text.*)
 *(.rela.gnu.linkonce.t*)

.rel.fini
 *(.rel.fini)

.rela.fini
 *(.rela.fini)

.rel.rodata
 *(.rel.rodata)
 *(.rel.rodata.*)
 *(.rel.gnu.linkonce.r*)

.rela.rodata
 *(.rela.rodata)
 *(.rela.rodata.*)
 *(.rela.gnu.linkonce.r*)

.rel.data
 *(.rel.data)
 *(.rel.data.*)
 *(.rel.gnu.linkonce.d*)

.rela.data
 *(.rela.data)
 *(.rela.data.*)
 *(.rela.gnu.linkonce.d*)

.rel.ctors
 *(.rel.ctors)

.rela.ctors
 *(.rela.ctors)

.rel.dtors
 *(.rel.dtors)

.rela.dtors
 *(.rela.dtors)

.rel.got
 *(.rel.got)

.rela.got
 *(.rela.got)

.rel.bss
 *(.rel.bss)

.rela.bss
 *(.rela.bss)

.rel.plt
 *(.rel.plt)

.rela.plt
 *(.rela.plt)

.text           0x00000000     0x239c
 *(.vectors)
 .vectors       0x00000000       0x54 c:/mohamed files/new folder/programes/azex collection/tools/tools/imt_sdk_win_32/winavr/bin/../lib/gcc/avr/4.3.3/../../../../avr/lib/avr5/crtm32.o
                0x00000000                __vectors
                0x00000000                __vector_default
 *(.vectors)
 *(.progmem.gcc*)
 *(.progmem*)
                0x00000054                . = ALIGN (0x2)
                0x00000054                __trampolines_start = .
 *(.trampolines)
 .trampolines   0x00000054        0x0 linker stubs
 *(.trampolines*)
                0x00000054                __trampolines_end = .
 *(.jumptables)
 *(.jumptables*)
 *(.lowtext)
 *(.lowtext*)
                0x00000054                __ctors_start = .
 *(.ctors)
                0x00000054                __ctors_end = .
                0x00000054                __dtors_start = .
 *(.dtors)
                0x00000054                __dtors_end = .
 SORT(*)(.ctors)
 SORT(*)(.dtors)
 *(.init0)
 .init0         0x00000054        0x0 c:/mohamed files/new folder/programes/azex collection/tools/tools/imt_sdk_win_32/winavr/bin/../lib/gcc/avr/4.3.3/../../../../avr/lib/avr5/crtm32.o
                0x00000054                __init
 *(.init0)
 *(.init1)
 *(.init1)
 *(.init2)
 .init2         0x00000054        0xc c:/mohamed files/new folder/programes/azex collection/tools/tools/imt_sdk_win_32/winavr/bin/../lib/gcc/avr/4.3.3/../../../../avr/lib/avr5/crtm32.o
 *(.init2)
 *(.init3)
 *(.init3)
 *(.init4)
 .init4         0x00000060       0x16 c:/mohamed files/new folder/programes/azex collection/tools/tools/imt_sdk_win_32/winavr/bin/../lib/gcc/avr/4.3.3/avr5\libgcc.a(_copy_data.o)
                0x00000060                __do_copy_data
 *(.init4)
 *(.init5)
 *(.init5)
 *(.init6)
 *(.init6)
 *(.init7)
 *(.init7)
 *(.init8)
 *(.init8)
 *(.init9)
 .init9         0x00000076        0x8 c:/mohamed files/new folder/programes/azex collection/tools/tools/imt_sdk_win_32/winavr/bin/../lib/gcc/avr/4.3.3/../../../../avr/lib/avr5/crtm32.o
 *(.init9)
 *(.text)
 .text          0x0000007e        0x4 c:/mohamed files/new folder/programes/azex collection/tools/tools/imt_sdk_win_32/winavr/bin/../lib/gcc/avr/4.3.3/../../../../avr/lib/avr5/crtm32.o
                0x0000007e                __vector_1
                0x0000007e                __vector_12
                0x0000007e                __bad_interrupt
                0x0000007e                __vector_6
                0x0000007e                __vector_3
                0x0000007e                __vector_11
                0x0000007e                __vector_13
                0x0000007e                __vector_17
                0x0000007e                __vector_19
                0x0000007e                __vector_7
                0x0000007e                __vector_5
                0x0000007e                __vector_4
                0x0000007e                __vector_9
                0x0000007e                __vector_2
                0x0000007e                __vector_15
                0x0000007e                __vector_8
                0x0000007e                __vector_14
                0x0000007e                __vector_10
                0x0000007e                __vector_16
                0x0000007e                __vector_18
                0x0000007e                __vector_20
 .text          0x00000082        0x0 ./MCAL/DIO/DIO_Program.o
 .text          0x00000082        0x0 ./HAL/Switch_Comp/Switch_program.o
 .text          0x00000082        0x0 ./HAL/SevSeg/SevSeg_program.o
 .text          0x00000082        0x0 ./HAL/LED/Led_Program.o
 .text          0x00000082        0x0 ./Apps/App1.o
 .text          0x00000082        0x0 ./Apps/App2.o
 .text          0x00000082        0x0 ./main.o
 .text          0x00000082        0x0 c:/mohamed files/new folder/programes/azex collection/tools/tools/imt_sdk_win_32/winavr/bin/../lib/gcc/avr/4.3.3/avr5\libgcc.a(_exit.o)
 .text          0x00000082        0x0 c:/mohamed files/new folder/programes/azex collection/tools/tools/imt_sdk_win_32/winavr/bin/../lib/gcc/avr/4.3.3/avr5\libgcc.a(_copy_data.o)
 .text          0x00000082       0x58 c:/mohamed files/new folder/programes/azex collection/tools/tools/imt_sdk_win_32/winavr/bin/../lib/gcc/avr/4.3.3/avr5\libgcc.a(_fixunssfsi.o)
                0x00000082                __fixunssfsi
 .text          0x000000da      0x354 c:/mohamed files/new folder/programes/azex collection/tools/tools/imt_sdk_win_32/winavr/bin/../lib/gcc/avr/4.3.3/avr5\libgcc.a(_addsub_sf.o)
                0x00000372                __subsf3
                0x000003d4                __addsf3
 .text          0x0000042e      0x1f4 c:/mohamed files/new folder/programes/azex collection/tools/tools/imt_sdk_win_32/winavr/bin/../lib/gcc/avr/4.3.3/avr5\libgcc.a(_mul_sf.o)
                0x0000042e                __mulsf3
 .text          0x00000622      0x158 c:/mohamed files/new folder/programes/azex collection/tools/tools/imt_sdk_win_32/winavr/bin/../lib/gcc/avr/4.3.3/avr5\libgcc.a(_div_sf.o)
                0x00000622                __divsf3
 .text          0x0000077a       0x60 c:/mohamed files/new folder/programes/azex collection/tools/tools/imt_sdk_win_32/winavr/bin/../lib/gcc/avr/4.3.3/avr5\libgcc.a(_gt_sf.o)
                0x0000077a                __gtsf2
 .text          0x000007da       0x60 c:/mohamed files/new folder/programes/azex collection/tools/tools/imt_sdk_win_32/winavr/bin/../lib/gcc/avr/4.3.3/avr5\libgcc.a(_ge_sf.o)
                0x000007da                __gesf2
 .text          0x0000083a       0x60 c:/mohamed files/new folder/programes/azex collection/tools/tools/imt_sdk_win_32/winavr/bin/../lib/gcc/avr/4.3.3/avr5\libgcc.a(_lt_sf.o)
                0x0000083a                __ltsf2
 .text          0x0000089a       0xa8 c:/mohamed files/new folder/programes/azex collection/tools/tools/imt_sdk_win_32/winavr/bin/../lib/gcc/avr/4.3.3/avr5\libgcc.a(_sf_to_si.o)
                0x0000089a                __fixsfsi
 .text          0x00000942        0x0 c:/mohamed files/new folder/programes/azex collection/tools/tools/imt_sdk_win_32/winavr/bin/../lib/gcc/avr/4.3.3/avr5\libgcc.a(_thenan_sf.o)
 .text          0x00000942        0x0 c:/mohamed files/new folder/programes/azex collection/tools/tools/imt_sdk_win_32/winavr/bin/../lib/gcc/avr/4.3.3/avr5\libgcc.a(_prologue.o)
 .text          0x00000942        0x0 c:/mohamed files/new folder/programes/azex collection/tools/tools/imt_sdk_win_32/winavr/bin/../lib/gcc/avr/4.3.3/avr5\libgcc.a(_epilogue.o)
 .text          0x00000942      0x1aa c:/mohamed files/new folder/programes/azex collection/tools/tools/imt_sdk_win_32/winavr/bin/../lib/gcc/avr/4.3.3/avr5\libgcc.a(_pack_sf.o)
                0x00000942                __pack_f
 .text          0x00000aec       0xf0 c:/mohamed files/new folder/programes/azex collection/tools/tools/imt_sdk_win_32/winavr/bin/../lib/gcc/avr/4.3.3/avr5\libgcc.a(_unpack_sf.o)
                0x00000aec                __unpack_f
 .text          0x00000bdc       0xb2 c:/mohamed files/new folder/programes/azex collection/tools/tools/imt_sdk_win_32/winavr/bin/../lib/gcc/avr/4.3.3/avr5\libgcc.a(_fpcmp_parts_sf.o)
                0x00000bdc                __fpcmp_parts_f
                0x00000c8e                . = ALIGN (0x2)
 *(.text.*)
 .text.DIO_ErrStateSetPinDirection
                0x00000c8e      0x226 ./MCAL/DIO/DIO_Program.o
                0x00000c8e                DIO_ErrStateSetPinDirection
 .text.DIO_ErrStateSetPinValue
                0x00000eb4      0x226 ./MCAL/DIO/DIO_Program.o
                0x00000eb4                DIO_ErrStateSetPinValue
 .text.DIO_ErrStateReadPinValue
                0x000010da      0x128 ./MCAL/DIO/DIO_Program.o
                0x000010da                DIO_ErrStateReadPinValue
 .text.DIO_ErrStateSetGroupDirection
                0x00001202       0x92 ./MCAL/DIO/DIO_Program.o
                0x00001202                DIO_ErrStateSetGroupDirection
 .text.DIO_ErrStateSetGroupValue
                0x00001294       0x92 ./MCAL/DIO/DIO_Program.o
                0x00001294                DIO_ErrStateSetGroupValue
 .text.DIO_ErrStateReadGroupValue
                0x00001326       0xb6 ./MCAL/DIO/DIO_Program.o
                0x00001326                DIO_ErrStateReadGroupValue
 .text.SW_SwitchErrStateInit
                0x000013dc      0x140 ./HAL/Switch_Comp/Switch_program.o
                0x000013dc                SW_SwitchErrStateInit
 .text.SW_SwitchErrStateGetState
                0x0000151c       0x3c ./HAL/Switch_Comp/Switch_program.o
                0x0000151c                SW_SwitchErrStateGetState
 .text.SevSeg_SevErrInit
                0x00001558       0x26 ./HAL/SevSeg/SevSeg_program.o
                0x00001558                SevSeg_SevErrInit
 .text.SevSeg_SevErrStateSetNumber
                0x0000157e      0x12e ./HAL/SevSeg/SevSeg_program.o
                0x0000157e                SevSeg_SevErrStateSetNumber
 .text.SevSeg_SevErrStateDisplayRange
                0x000016ac      0x29c ./HAL/SevSeg/SevSeg_program.o
                0x000016ac                SevSeg_SevErrStateDisplayRange
 .text.SevSeg_SevErrStateDisplayMax
                0x00001948      0x13e ./HAL/SevSeg/SevSeg_program.o
                0x00001948                SevSeg_SevErrStateDisplayMax
 .text.Led_LedErrStateInit
                0x00001a86       0x3e ./HAL/LED/Led_Program.o
                0x00001a86                Led_LedErrStateInit
 .text.Led_LedErrStateTurnOn
                0x00001ac4       0x66 ./HAL/LED/Led_Program.o
                0x00001ac4                Led_LedErrStateTurnOn
 .text.Led_LedErrStateTurnOff
                0x00001b2a       0x66 ./HAL/LED/Led_Program.o
                0x00001b2a                Led_LedErrStateTurnOff
 .text.App1     0x00001b90      0x3d0 ./Apps/App1.o
                0x00001b90                App1
 .text.App2     0x00001f60      0x374 ./Apps/App2.o
                0x00001f60                App2
 .text.Slc_seg1
                0x000022d4       0x22 ./Apps/App2.o
                0x000022d4                Slc_seg1
 .text.Slc_seg2
                0x000022f6       0x22 ./Apps/App2.o
                0x000022f6                Slc_seg2
 .text.main     0x00002318       0x12 ./main.o
                0x00002318                main
 .text.libgcc   0x0000232a        0x0 c:/mohamed files/new folder/programes/azex collection/tools/tools/imt_sdk_win_32/winavr/bin/../lib/gcc/avr/4.3.3/avr5\libgcc.a(_exit.o)
 .text.libgcc   0x0000232a        0x0 c:/mohamed files/new folder/programes/azex collection/tools/tools/imt_sdk_win_32/winavr/bin/../lib/gcc/avr/4.3.3/avr5\libgcc.a(_copy_data.o)
 .text.libgcc   0x0000232a       0x38 c:/mohamed files/new folder/programes/azex collection/tools/tools/imt_sdk_win_32/winavr/bin/../lib/gcc/avr/4.3.3/avr5\libgcc.a(_prologue.o)
                0x0000232a                __prologue_saves__
 .text.libgcc   0x00002362       0x36 c:/mohamed files/new folder/programes/azex collection/tools/tools/imt_sdk_win_32/winavr/bin/../lib/gcc/avr/4.3.3/avr5\libgcc.a(_epilogue.o)
                0x00002362                __epilogue_restores__
                0x00002398                . = ALIGN (0x2)
 *(.fini9)
 .fini9         0x00002398        0x0 c:/mohamed files/new folder/programes/azex collection/tools/tools/imt_sdk_win_32/winavr/bin/../lib/gcc/avr/4.3.3/avr5\libgcc.a(_exit.o)
                0x00002398                exit
                0x00002398                _exit
 *(.fini9)
 *(.fini8)
 *(.fini8)
 *(.fini7)
 *(.fini7)
 *(.fini6)
 *(.fini6)
 *(.fini5)
 *(.fini5)
 *(.fini4)
 *(.fini4)
 *(.fini3)
 *(.fini3)
 *(.fini2)
 *(.fini2)
 *(.fini1)
 *(.fini1)
 *(.fini0)
 .fini0         0x00002398        0x4 c:/mohamed files/new folder/programes/azex collection/tools/tools/imt_sdk_win_32/winavr/bin/../lib/gcc/avr/4.3.3/avr5\libgcc.a(_exit.o)
 *(.fini0)
                0x0000239c                _etext = .

.data           0x00800060       0x1c load address 0x0000239c
                0x00800060                PROVIDE (__data_start, .)
 *(.data)
 .data          0x00800060        0x0 c:/mohamed files/new folder/programes/azex collection/tools/tools/imt_sdk_win_32/winavr/bin/../lib/gcc/avr/4.3.3/../../../../avr/lib/avr5/crtm32.o
 .data          0x00800060        0x0 ./MCAL/DIO/DIO_Program.o
 .data          0x00800060        0x0 ./HAL/Switch_Comp/Switch_program.o
 .data          0x00800060        0x0 ./HAL/SevSeg/SevSeg_program.o
 .data          0x00800060        0x0 ./HAL/LED/Led_Program.o
 .data          0x00800060        0x0 ./Apps/App1.o
 .data          0x00800060        0x0 ./Apps/App2.o
 .data          0x00800060        0x0 ./main.o
 .data          0x00800060        0x0 c:/mohamed files/new folder/programes/azex collection/tools/tools/imt_sdk_win_32/winavr/bin/../lib/gcc/avr/4.3.3/avr5\libgcc.a(_exit.o)
 .data          0x00800060        0x0 c:/mohamed files/new folder/programes/azex collection/tools/tools/imt_sdk_win_32/winavr/bin/../lib/gcc/avr/4.3.3/avr5\libgcc.a(_copy_data.o)
 .data          0x00800060        0x0 c:/mohamed files/new folder/programes/azex collection/tools/tools/imt_sdk_win_32/winavr/bin/../lib/gcc/avr/4.3.3/avr5\libgcc.a(_fixunssfsi.o)
 .data          0x00800060        0x0 c:/mohamed files/new folder/programes/azex collection/tools/tools/imt_sdk_win_32/winavr/bin/../lib/gcc/avr/4.3.3/avr5\libgcc.a(_addsub_sf.o)
 .data          0x00800060        0x0 c:/mohamed files/new folder/programes/azex collection/tools/tools/imt_sdk_win_32/winavr/bin/../lib/gcc/avr/4.3.3/avr5\libgcc.a(_mul_sf.o)
 .data          0x00800060        0x0 c:/mohamed files/new folder/programes/azex collection/tools/tools/imt_sdk_win_32/winavr/bin/../lib/gcc/avr/4.3.3/avr5\libgcc.a(_div_sf.o)
 .data          0x00800060        0x0 c:/mohamed files/new folder/programes/azex collection/tools/tools/imt_sdk_win_32/winavr/bin/../lib/gcc/avr/4.3.3/avr5\libgcc.a(_gt_sf.o)
 .data          0x00800060        0x0 c:/mohamed files/new folder/programes/azex collection/tools/tools/imt_sdk_win_32/winavr/bin/../lib/gcc/avr/4.3.3/avr5\libgcc.a(_ge_sf.o)
 .data          0x00800060        0x0 c:/mohamed files/new folder/programes/azex collection/tools/tools/imt_sdk_win_32/winavr/bin/../lib/gcc/avr/4.3.3/avr5\libgcc.a(_lt_sf.o)
 .data          0x00800060        0x0 c:/mohamed files/new folder/programes/azex collection/tools/tools/imt_sdk_win_32/winavr/bin/../lib/gcc/avr/4.3.3/avr5\libgcc.a(_sf_to_si.o)
 .data          0x00800060        0x8 c:/mohamed files/new folder/programes/azex collection/tools/tools/imt_sdk_win_32/winavr/bin/../lib/gcc/avr/4.3.3/avr5\libgcc.a(_thenan_sf.o)
                0x00800060                __thenan_sf
 .data          0x00800068        0x0 c:/mohamed files/new folder/programes/azex collection/tools/tools/imt_sdk_win_32/winavr/bin/../lib/gcc/avr/4.3.3/avr5\libgcc.a(_prologue.o)
 .data          0x00800068        0x0 c:/mohamed files/new folder/programes/azex collection/tools/tools/imt_sdk_win_32/winavr/bin/../lib/gcc/avr/4.3.3/avr5\libgcc.a(_epilogue.o)
 .data          0x00800068        0x0 c:/mohamed files/new folder/programes/azex collection/tools/tools/imt_sdk_win_32/winavr/bin/../lib/gcc/avr/4.3.3/avr5\libgcc.a(_pack_sf.o)
 .data          0x00800068        0x0 c:/mohamed files/new folder/programes/azex collection/tools/tools/imt_sdk_win_32/winavr/bin/../lib/gcc/avr/4.3.3/avr5\libgcc.a(_unpack_sf.o)
 .data          0x00800068        0x0 c:/mohamed files/new folder/programes/azex collection/tools/tools/imt_sdk_win_32/winavr/bin/../lib/gcc/avr/4.3.3/avr5\libgcc.a(_fpcmp_parts_sf.o)
 *(.data*)
 .data.SevSeg_Arr
                0x00800068        0xa ./HAL/SevSeg/SevSeg_program.o
                0x00800068                SevSeg_Arr
 *(.rodata)
 *(.rodata*)
 .rodata.C.2.1384
                0x00800072        0x3 ./Apps/App1.o
 .rodata.C.1.1383
                0x00800075        0x3 ./Apps/App1.o
 .rodata.C.0.1382
                0x00800078        0x3 ./Apps/App1.o
 *(.gnu.linkonce.d*)
                0x0080007c                . = ALIGN (0x2)
 *fill*         0x0080007b        0x1 00
                0x0080007c                _edata = .
                0x0080007c                PROVIDE (__data_end, .)

.bss            0x0080007c        0x0
                0x0080007c                PROVIDE (__bss_start, .)
 *(.bss)
 .bss           0x0080007c        0x0 c:/mohamed files/new folder/programes/azex collection/tools/tools/imt_sdk_win_32/winavr/bin/../lib/gcc/avr/4.3.3/../../../../avr/lib/avr5/crtm32.o
 .bss           0x0080007c        0x0 ./MCAL/DIO/DIO_Program.o
 .bss           0x0080007c        0x0 ./HAL/Switch_Comp/Switch_program.o
 .bss           0x0080007c        0x0 ./HAL/SevSeg/SevSeg_program.o
 .bss           0x0080007c        0x0 ./HAL/LED/Led_Program.o
 .bss           0x0080007c        0x0 ./Apps/App1.o
 .bss           0x0080007c        0x0 ./Apps/App2.o
 .bss           0x0080007c        0x0 ./main.o
 .bss           0x0080007c        0x0 c:/mohamed files/new folder/programes/azex collection/tools/tools/imt_sdk_win_32/winavr/bin/../lib/gcc/avr/4.3.3/avr5\libgcc.a(_exit.o)
 .bss           0x0080007c        0x0 c:/mohamed files/new folder/programes/azex collection/tools/tools/imt_sdk_win_32/winavr/bin/../lib/gcc/avr/4.3.3/avr5\libgcc.a(_copy_data.o)
 .bss           0x0080007c        0x0 c:/mohamed files/new folder/programes/azex collection/tools/tools/imt_sdk_win_32/winavr/bin/../lib/gcc/avr/4.3.3/avr5\libgcc.a(_fixunssfsi.o)
 .bss           0x0080007c        0x0 c:/mohamed files/new folder/programes/azex collection/tools/tools/imt_sdk_win_32/winavr/bin/../lib/gcc/avr/4.3.3/avr5\libgcc.a(_addsub_sf.o)
 .bss           0x0080007c        0x0 c:/mohamed files/new folder/programes/azex collection/tools/tools/imt_sdk_win_32/winavr/bin/../lib/gcc/avr/4.3.3/avr5\libgcc.a(_mul_sf.o)
 .bss           0x0080007c        0x0 c:/mohamed files/new folder/programes/azex collection/tools/tools/imt_sdk_win_32/winavr/bin/../lib/gcc/avr/4.3.3/avr5\libgcc.a(_div_sf.o)
 .bss           0x0080007c        0x0 c:/mohamed files/new folder/programes/azex collection/tools/tools/imt_sdk_win_32/winavr/bin/../lib/gcc/avr/4.3.3/avr5\libgcc.a(_gt_sf.o)
 .bss           0x0080007c        0x0 c:/mohamed files/new folder/programes/azex collection/tools/tools/imt_sdk_win_32/winavr/bin/../lib/gcc/avr/4.3.3/avr5\libgcc.a(_ge_sf.o)
 .bss           0x0080007c        0x0 c:/mohamed files/new folder/programes/azex collection/tools/tools/imt_sdk_win_32/winavr/bin/../lib/gcc/avr/4.3.3/avr5\libgcc.a(_lt_sf.o)
 .bss           0x0080007c        0x0 c:/mohamed files/new folder/programes/azex collection/tools/tools/imt_sdk_win_32/winavr/bin/../lib/gcc/avr/4.3.3/avr5\libgcc.a(_sf_to_si.o)
 .bss           0x0080007c        0x0 c:/mohamed files/new folder/programes/azex collection/tools/tools/imt_sdk_win_32/winavr/bin/../lib/gcc/avr/4.3.3/avr5\libgcc.a(_thenan_sf.o)
 .bss           0x0080007c        0x0 c:/mohamed files/new folder/programes/azex collection/tools/tools/imt_sdk_win_32/winavr/bin/../lib/gcc/avr/4.3.3/avr5\libgcc.a(_prologue.o)
 .bss           0x0080007c        0x0 c:/mohamed files/new folder/programes/azex collection/tools/tools/imt_sdk_win_32/winavr/bin/../lib/gcc/avr/4.3.3/avr5\libgcc.a(_epilogue.o)
 .bss           0x0080007c        0x0 c:/mohamed files/new folder/programes/azex collection/tools/tools/imt_sdk_win_32/winavr/bin/../lib/gcc/avr/4.3.3/avr5\libgcc.a(_pack_sf.o)
 .bss           0x0080007c        0x0 c:/mohamed files/new folder/programes/azex collection/tools/tools/imt_sdk_win_32/winavr/bin/../lib/gcc/avr/4.3.3/avr5\libgcc.a(_unpack_sf.o)
 .bss           0x0080007c        0x0 c:/mohamed files/new folder/programes/azex collection/tools/tools/imt_sdk_win_32/winavr/bin/../lib/gcc/avr/4.3.3/avr5\libgcc.a(_fpcmp_parts_sf.o)
 *(.bss*)
 *(COMMON)
                0x0080007c                PROVIDE (__bss_end, .)
                0x0000239c                __data_load_start = LOADADDR (.data)
                0x000023b8                __data_load_end = (__data_load_start + SIZEOF (.data))

.noinit         0x0080007c        0x0
                0x0080007c                PROVIDE (__noinit_start, .)
 *(.noinit*)
                0x0080007c                PROVIDE (__noinit_end, .)
                0x0080007c                _end = .
                0x0080007c                PROVIDE (__heap_start, .)

.eeprom         0x00810000        0x0
 *(.eeprom*)
                0x00810000                __eeprom_end = .

.fuse
 *(.fuse)
 *(.lfuse)
 *(.hfuse)
 *(.efuse)

.lock
 *(.lock*)

.signature
 *(.signature*)

.stab           0x00000000     0x25b0
 *(.stab)
 .stab          0x00000000      0x6e4 ./MCAL/DIO/DIO_Program.o
 .stab          0x000006e4      0x3a8 ./HAL/Switch_Comp/Switch_program.o
                                0x3b4 (size before relaxing)
 .stab          0x00000a8c      0x948 ./HAL/SevSeg/SevSeg_program.o
                                0x954 (size before relaxing)
 .stab          0x000013d4      0x3e4 ./HAL/LED/Led_Program.o
                                0x3f0 (size before relaxing)
 .stab          0x000017b8      0x738 ./Apps/App1.o
                                0x8dc (size before relaxing)
 .stab          0x00001ef0      0x534 ./Apps/App2.o
                                0x840 (size before relaxing)
 .stab          0x00002424      0x18c ./main.o
                                0x4a4 (size before relaxing)

.stabstr        0x00000000     0x1f2a
 *(.stabstr)
 .stabstr       0x00000000     0x1f2a ./MCAL/DIO/DIO_Program.o

.stab.excl
 *(.stab.excl)

.stab.exclstr
 *(.stab.exclstr)

.stab.index
 *(.stab.index)

.stab.indexstr
 *(.stab.indexstr)

.comment
 *(.comment)

.debug
 *(.debug)

.line
 *(.line)

.debug_srcinfo
 *(.debug_srcinfo)

.debug_sfnames
 *(.debug_sfnames)

.debug_aranges  0x00000000      0x160
 *(.debug_aranges)
 .debug_aranges
                0x00000000       0x20 c:/mohamed files/new folder/programes/azex collection/tools/tools/imt_sdk_win_32/winavr/bin/../lib/gcc/avr/4.3.3/avr5\libgcc.a(_fixunssfsi.o)
 .debug_aranges
                0x00000020       0x20 c:/mohamed files/new folder/programes/azex collection/tools/tools/imt_sdk_win_32/winavr/bin/../lib/gcc/avr/4.3.3/avr5\libgcc.a(_addsub_sf.o)
 .debug_aranges
                0x00000040       0x20 c:/mohamed files/new folder/programes/azex collection/tools/tools/imt_sdk_win_32/winavr/bin/../lib/gcc/avr/4.3.3/avr5\libgcc.a(_mul_sf.o)
 .debug_aranges
                0x00000060       0x20 c:/mohamed files/new folder/programes/azex collection/tools/tools/imt_sdk_win_32/winavr/bin/../lib/gcc/avr/4.3.3/avr5\libgcc.a(_div_sf.o)
 .debug_aranges
                0x00000080       0x20 c:/mohamed files/new folder/programes/azex collection/tools/tools/imt_sdk_win_32/winavr/bin/../lib/gcc/avr/4.3.3/avr5\libgcc.a(_gt_sf.o)
 .debug_aranges
                0x000000a0       0x20 c:/mohamed files/new folder/programes/azex collection/tools/tools/imt_sdk_win_32/winavr/bin/../lib/gcc/avr/4.3.3/avr5\libgcc.a(_ge_sf.o)
 .debug_aranges
                0x000000c0       0x20 c:/mohamed files/new folder/programes/azex collection/tools/tools/imt_sdk_win_32/winavr/bin/../lib/gcc/avr/4.3.3/avr5\libgcc.a(_lt_sf.o)
 .debug_aranges
                0x000000e0       0x20 c:/mohamed files/new folder/programes/azex collection/tools/tools/imt_sdk_win_32/winavr/bin/../lib/gcc/avr/4.3.3/avr5\libgcc.a(_sf_to_si.o)
 .debug_aranges
                0x00000100       0x20 c:/mohamed files/new folder/programes/azex collection/tools/tools/imt_sdk_win_32/winavr/bin/../lib/gcc/avr/4.3.3/avr5\libgcc.a(_pack_sf.o)
 .debug_aranges
                0x00000120       0x20 c:/mohamed files/new folder/programes/azex collection/tools/tools/imt_sdk_win_32/winavr/bin/../lib/gcc/avr/4.3.3/avr5\libgcc.a(_unpack_sf.o)
 .debug_aranges
                0x00000140       0x20 c:/mohamed files/new folder/programes/azex collection/tools/tools/imt_sdk_win_32/winavr/bin/../lib/gcc/avr/4.3.3/avr5\libgcc.a(_fpcmp_parts_sf.o)

.debug_pubnames
                0x00000000      0x18f
 *(.debug_pubnames)
 .debug_pubnames
                0x00000000       0x23 c:/mohamed files/new folder/programes/azex collection/tools/tools/imt_sdk_win_32/winavr/bin/../lib/gcc/avr/4.3.3/avr5\libgcc.a(_fixunssfsi.o)
 .debug_pubnames
                0x00000023       0x2c c:/mohamed files/new folder/programes/azex collection/tools/tools/imt_sdk_win_32/winavr/bin/../lib/gcc/avr/4.3.3/avr5\libgcc.a(_addsub_sf.o)
 .debug_pubnames
                0x0000004f       0x1f c:/mohamed files/new folder/programes/azex collection/tools/tools/imt_sdk_win_32/winavr/bin/../lib/gcc/avr/4.3.3/avr5\libgcc.a(_mul_sf.o)
 .debug_pubnames
                0x0000006e       0x1f c:/mohamed files/new folder/programes/azex collection/tools/tools/imt_sdk_win_32/winavr/bin/../lib/gcc/avr/4.3.3/avr5\libgcc.a(_div_sf.o)
 .debug_pubnames
                0x0000008d       0x1e c:/mohamed files/new folder/programes/azex collection/tools/tools/imt_sdk_win_32/winavr/bin/../lib/gcc/avr/4.3.3/avr5\libgcc.a(_gt_sf.o)
 .debug_pubnames
                0x000000ab       0x1e c:/mohamed files/new folder/programes/azex collection/tools/tools/imt_sdk_win_32/winavr/bin/../lib/gcc/avr/4.3.3/avr5\libgcc.a(_ge_sf.o)
 .debug_pubnames
                0x000000c9       0x1e c:/mohamed files/new folder/programes/azex collection/tools/tools/imt_sdk_win_32/winavr/bin/../lib/gcc/avr/4.3.3/avr5\libgcc.a(_lt_sf.o)
 .debug_pubnames
                0x000000e7       0x20 c:/mohamed files/new folder/programes/azex collection/tools/tools/imt_sdk_win_32/winavr/bin/../lib/gcc/avr/4.3.3/avr5\libgcc.a(_sf_to_si.o)
 .debug_pubnames
                0x00000107       0x22 c:/mohamed files/new folder/programes/azex collection/tools/tools/imt_sdk_win_32/winavr/bin/../lib/gcc/avr/4.3.3/avr5\libgcc.a(_thenan_sf.o)
 .debug_pubnames
                0x00000129       0x1f c:/mohamed files/new folder/programes/azex collection/tools/tools/imt_sdk_win_32/winavr/bin/../lib/gcc/avr/4.3.3/avr5\libgcc.a(_pack_sf.o)
 .debug_pubnames
                0x00000148       0x21 c:/mohamed files/new folder/programes/azex collection/tools/tools/imt_sdk_win_32/winavr/bin/../lib/gcc/avr/4.3.3/avr5\libgcc.a(_unpack_sf.o)
 .debug_pubnames
                0x00000169       0x26 c:/mohamed files/new folder/programes/azex collection/tools/tools/imt_sdk_win_32/winavr/bin/../lib/gcc/avr/4.3.3/avr5\libgcc.a(_fpcmp_parts_sf.o)

.debug_info     0x00000000     0x2045
 *(.debug_info)
 .debug_info    0x00000000       0xb1 c:/mohamed files/new folder/programes/azex collection/tools/tools/imt_sdk_win_32/winavr/bin/../lib/gcc/avr/4.3.3/avr5\libgcc.a(_fixunssfsi.o)
 .debug_info    0x000000b1      0x47a c:/mohamed files/new folder/programes/azex collection/tools/tools/imt_sdk_win_32/winavr/bin/../lib/gcc/avr/4.3.3/avr5\libgcc.a(_addsub_sf.o)
 .debug_info    0x0000052b      0x485 c:/mohamed files/new folder/programes/azex collection/tools/tools/imt_sdk_win_32/winavr/bin/../lib/gcc/avr/4.3.3/avr5\libgcc.a(_mul_sf.o)
 .debug_info    0x000009b0      0x3fc c:/mohamed files/new folder/programes/azex collection/tools/tools/imt_sdk_win_32/winavr/bin/../lib/gcc/avr/4.3.3/avr5\libgcc.a(_div_sf.o)
 .debug_info    0x00000dac      0x27f c:/mohamed files/new folder/programes/azex collection/tools/tools/imt_sdk_win_32/winavr/bin/../lib/gcc/avr/4.3.3/avr5\libgcc.a(_gt_sf.o)
 .debug_info    0x0000102b      0x27f c:/mohamed files/new folder/programes/azex collection/tools/tools/imt_sdk_win_32/winavr/bin/../lib/gcc/avr/4.3.3/avr5\libgcc.a(_ge_sf.o)
 .debug_info    0x000012aa      0x27f c:/mohamed files/new folder/programes/azex collection/tools/tools/imt_sdk_win_32/winavr/bin/../lib/gcc/avr/4.3.3/avr5\libgcc.a(_lt_sf.o)
 .debug_info    0x00001529      0x2b0 c:/mohamed files/new folder/programes/azex collection/tools/tools/imt_sdk_win_32/winavr/bin/../lib/gcc/avr/4.3.3/avr5\libgcc.a(_sf_to_si.o)
 .debug_info    0x000017d9      0x12c c:/mohamed files/new folder/programes/azex collection/tools/tools/imt_sdk_win_32/winavr/bin/../lib/gcc/avr/4.3.3/avr5\libgcc.a(_thenan_sf.o)
 .debug_info    0x00001905      0x2df c:/mohamed files/new folder/programes/azex collection/tools/tools/imt_sdk_win_32/winavr/bin/../lib/gcc/avr/4.3.3/avr5\libgcc.a(_pack_sf.o)
 .debug_info    0x00001be4      0x251 c:/mohamed files/new folder/programes/azex collection/tools/tools/imt_sdk_win_32/winavr/bin/../lib/gcc/avr/4.3.3/avr5\libgcc.a(_unpack_sf.o)
 .debug_info    0x00001e35      0x210 c:/mohamed files/new folder/programes/azex collection/tools/tools/imt_sdk_win_32/winavr/bin/../lib/gcc/avr/4.3.3/avr5\libgcc.a(_fpcmp_parts_sf.o)
 *(.gnu.linkonce.wi.*)

.debug_abbrev   0x00000000     0x1101
 *(.debug_abbrev)
 .debug_abbrev  0x00000000       0x5d c:/mohamed files/new folder/programes/azex collection/tools/tools/imt_sdk_win_32/winavr/bin/../lib/gcc/avr/4.3.3/avr5\libgcc.a(_fixunssfsi.o)
 .debug_abbrev  0x0000005d      0x1ea c:/mohamed files/new folder/programes/azex collection/tools/tools/imt_sdk_win_32/winavr/bin/../lib/gcc/avr/4.3.3/avr5\libgcc.a(_addsub_sf.o)
 .debug_abbrev  0x00000247      0x21b c:/mohamed files/new folder/programes/azex collection/tools/tools/imt_sdk_win_32/winavr/bin/../lib/gcc/avr/4.3.3/avr5\libgcc.a(_mul_sf.o)
 .debug_abbrev  0x00000462      0x216 c:/mohamed files/new folder/programes/azex collection/tools/tools/imt_sdk_win_32/winavr/bin/../lib/gcc/avr/4.3.3/avr5\libgcc.a(_div_sf.o)
 .debug_abbrev  0x00000678      0x15a c:/mohamed files/new folder/programes/azex collection/tools/tools/imt_sdk_win_32/winavr/bin/../lib/gcc/avr/4.3.3/avr5\libgcc.a(_gt_sf.o)
 .debug_abbrev  0x000007d2      0x15a c:/mohamed files/new folder/programes/azex collection/tools/tools/imt_sdk_win_32/winavr/bin/../lib/gcc/avr/4.3.3/avr5\libgcc.a(_ge_sf.o)
 .debug_abbrev  0x0000092c      0x15a c:/mohamed files/new folder/programes/azex collection/tools/tools/imt_sdk_win_32/winavr/bin/../lib/gcc/avr/4.3.3/avr5\libgcc.a(_lt_sf.o)
 .debug_abbrev  0x00000a86      0x17f c:/mohamed files/new folder/programes/azex collection/tools/tools/imt_sdk_win_32/winavr/bin/../lib/gcc/avr/4.3.3/avr5\libgcc.a(_sf_to_si.o)
 .debug_abbrev  0x00000c05       0xad c:/mohamed files/new folder/programes/azex collection/tools/tools/imt_sdk_win_32/winavr/bin/../lib/gcc/avr/4.3.3/avr5\libgcc.a(_thenan_sf.o)
 .debug_abbrev  0x00000cb2      0x1c0 c:/mohamed files/new folder/programes/azex collection/tools/tools/imt_sdk_win_32/winavr/bin/../lib/gcc/avr/4.3.3/avr5\libgcc.a(_pack_sf.o)
 .debug_abbrev  0x00000e72      0x154 c:/mohamed files/new folder/programes/azex collection/tools/tools/imt_sdk_win_32/winavr/bin/../lib/gcc/avr/4.3.3/avr5\libgcc.a(_unpack_sf.o)
 .debug_abbrev  0x00000fc6      0x13b c:/mohamed files/new folder/programes/azex collection/tools/tools/imt_sdk_win_32/winavr/bin/../lib/gcc/avr/4.3.3/avr5\libgcc.a(_fpcmp_parts_sf.o)

.debug_line     0x00000000      0xf82
 *(.debug_line)
 .debug_line    0x00000000       0xa7 c:/mohamed files/new folder/programes/azex collection/tools/tools/imt_sdk_win_32/winavr/bin/../lib/gcc/avr/4.3.3/avr5\libgcc.a(_fixunssfsi.o)
 .debug_line    0x000000a7      0x2af c:/mohamed files/new folder/programes/azex collection/tools/tools/imt_sdk_win_32/winavr/bin/../lib/gcc/avr/4.3.3/avr5\libgcc.a(_addsub_sf.o)
 .debug_line    0x00000356      0x239 c:/mohamed files/new folder/programes/azex collection/tools/tools/imt_sdk_win_32/winavr/bin/../lib/gcc/avr/4.3.3/avr5\libgcc.a(_mul_sf.o)
 .debug_line    0x0000058f      0x1d5 c:/mohamed files/new folder/programes/azex collection/tools/tools/imt_sdk_win_32/winavr/bin/../lib/gcc/avr/4.3.3/avr5\libgcc.a(_div_sf.o)
 .debug_line    0x00000764       0xd3 c:/mohamed files/new folder/programes/azex collection/tools/tools/imt_sdk_win_32/winavr/bin/../lib/gcc/avr/4.3.3/avr5\libgcc.a(_gt_sf.o)
 .debug_line    0x00000837       0xd3 c:/mohamed files/new folder/programes/azex collection/tools/tools/imt_sdk_win_32/winavr/bin/../lib/gcc/avr/4.3.3/avr5\libgcc.a(_ge_sf.o)
 .debug_line    0x0000090a       0xd3 c:/mohamed files/new folder/programes/azex collection/tools/tools/imt_sdk_win_32/winavr/bin/../lib/gcc/avr/4.3.3/avr5\libgcc.a(_lt_sf.o)
 .debug_line    0x000009dd      0x109 c:/mohamed files/new folder/programes/azex collection/tools/tools/imt_sdk_win_32/winavr/bin/../lib/gcc/avr/4.3.3/avr5\libgcc.a(_sf_to_si.o)
 .debug_line    0x00000ae6       0x90 c:/mohamed files/new folder/programes/azex collection/tools/tools/imt_sdk_win_32/winavr/bin/../lib/gcc/avr/4.3.3/avr5\libgcc.a(_thenan_sf.o)
 .debug_line    0x00000b76      0x18a c:/mohamed files/new folder/programes/azex collection/tools/tools/imt_sdk_win_32/winavr/bin/../lib/gcc/avr/4.3.3/avr5\libgcc.a(_pack_sf.o)
 .debug_line    0x00000d00      0x14b c:/mohamed files/new folder/programes/azex collection/tools/tools/imt_sdk_win_32/winavr/bin/../lib/gcc/avr/4.3.3/avr5\libgcc.a(_unpack_sf.o)
 .debug_line    0x00000e4b      0x137 c:/mohamed files/new folder/programes/azex collection/tools/tools/imt_sdk_win_32/winavr/bin/../lib/gcc/avr/4.3.3/avr5\libgcc.a(_fpcmp_parts_sf.o)

.debug_frame    0x00000000      0x180
 *(.debug_frame)
 .debug_frame   0x00000000       0x20 c:/mohamed files/new folder/programes/azex collection/tools/tools/imt_sdk_win_32/winavr/bin/../lib/gcc/avr/4.3.3/avr5\libgcc.a(_fixunssfsi.o)
 .debug_frame   0x00000020       0x40 c:/mohamed files/new folder/programes/azex collection/tools/tools/imt_sdk_win_32/winavr/bin/../lib/gcc/avr/4.3.3/avr5\libgcc.a(_addsub_sf.o)
 .debug_frame   0x00000060       0x20 c:/mohamed files/new folder/programes/azex collection/tools/tools/imt_sdk_win_32/winavr/bin/../lib/gcc/avr/4.3.3/avr5\libgcc.a(_mul_sf.o)
 .debug_frame   0x00000080       0x20 c:/mohamed files/new folder/programes/azex collection/tools/tools/imt_sdk_win_32/winavr/bin/../lib/gcc/avr/4.3.3/avr5\libgcc.a(_div_sf.o)
 .debug_frame   0x000000a0       0x20 c:/mohamed files/new folder/programes/azex collection/tools/tools/imt_sdk_win_32/winavr/bin/../lib/gcc/avr/4.3.3/avr5\libgcc.a(_gt_sf.o)
 .debug_frame   0x000000c0       0x20 c:/mohamed files/new folder/programes/azex collection/tools/tools/imt_sdk_win_32/winavr/bin/../lib/gcc/avr/4.3.3/avr5\libgcc.a(_ge_sf.o)
 .debug_frame   0x000000e0       0x20 c:/mohamed files/new folder/programes/azex collection/tools/tools/imt_sdk_win_32/winavr/bin/../lib/gcc/avr/4.3.3/avr5\libgcc.a(_lt_sf.o)
 .debug_frame   0x00000100       0x20 c:/mohamed files/new folder/programes/azex collection/tools/tools/imt_sdk_win_32/winavr/bin/../lib/gcc/avr/4.3.3/avr5\libgcc.a(_sf_to_si.o)
 .debug_frame   0x00000120       0x20 c:/mohamed files/new folder/programes/azex collection/tools/tools/imt_sdk_win_32/winavr/bin/../lib/gcc/avr/4.3.3/avr5\libgcc.a(_pack_sf.o)
 .debug_frame   0x00000140       0x20 c:/mohamed files/new folder/programes/azex collection/tools/tools/imt_sdk_win_32/winavr/bin/../lib/gcc/avr/4.3.3/avr5\libgcc.a(_unpack_sf.o)
 .debug_frame   0x00000160       0x20 c:/mohamed files/new folder/programes/azex collection/tools/tools/imt_sdk_win_32/winavr/bin/../lib/gcc/avr/4.3.3/avr5\libgcc.a(_fpcmp_parts_sf.o)

.debug_str      0x00000000      0x2c2
 *(.debug_str)
 .debug_str     0x00000000       0xbf c:/mohamed files/new folder/programes/azex collection/tools/tools/imt_sdk_win_32/winavr/bin/../lib/gcc/avr/4.3.3/avr5\libgcc.a(_fixunssfsi.o)
                                 0xfe (size before relaxing)
 .debug_str     0x000000bf      0x14d c:/mohamed files/new folder/programes/azex collection/tools/tools/imt_sdk_win_32/winavr/bin/../lib/gcc/avr/4.3.3/avr5\libgcc.a(_addsub_sf.o)
                                0x206 (size before relaxing)
 .debug_str     0x0000020c       0x27 c:/mohamed files/new folder/programes/azex collection/tools/tools/imt_sdk_win_32/winavr/bin/../lib/gcc/avr/4.3.3/avr5\libgcc.a(_mul_sf.o)
                                0x1bf (size before relaxing)
 .debug_str     0x00000233       0x35 c:/mohamed files/new folder/programes/azex collection/tools/tools/imt_sdk_win_32/winavr/bin/../lib/gcc/avr/4.3.3/avr5\libgcc.a(_div_sf.o)
                                0x1c8 (size before relaxing)
 .debug_str     0x00000268        0xf c:/mohamed files/new folder/programes/azex collection/tools/tools/imt_sdk_win_32/winavr/bin/../lib/gcc/avr/4.3.3/avr5\libgcc.a(_gt_sf.o)
                                0x195 (size before relaxing)
 .debug_str     0x00000277        0x8 c:/mohamed files/new folder/programes/azex collection/tools/tools/imt_sdk_win_32/winavr/bin/../lib/gcc/avr/4.3.3/avr5\libgcc.a(_ge_sf.o)
                                0x195 (size before relaxing)
 .debug_str     0x0000027f        0x8 c:/mohamed files/new folder/programes/azex collection/tools/tools/imt_sdk_win_32/winavr/bin/../lib/gcc/avr/4.3.3/avr5\libgcc.a(_lt_sf.o)
                                0x195 (size before relaxing)
 .debug_str     0x00000287        0xa c:/mohamed files/new folder/programes/azex collection/tools/tools/imt_sdk_win_32/winavr/bin/../lib/gcc/avr/4.3.3/avr5\libgcc.a(_sf_to_si.o)
                                0x19e (size before relaxing)
 .debug_str     0x00000000      0x103 c:/mohamed files/new folder/programes/azex collection/tools/tools/imt_sdk_win_32/winavr/bin/../lib/gcc/avr/4.3.3/avr5\libgcc.a(_thenan_sf.o)
 .debug_str     0x00000291       0x16 c:/mohamed files/new folder/programes/azex collection/tools/tools/imt_sdk_win_32/winavr/bin/../lib/gcc/avr/4.3.3/avr5\libgcc.a(_pack_sf.o)
                                0x19d (size before relaxing)
 .debug_str     0x000002a7        0xb c:/mohamed files/new folder/programes/azex collection/tools/tools/imt_sdk_win_32/winavr/bin/../lib/gcc/avr/4.3.3/avr5\libgcc.a(_unpack_sf.o)
                                0x17f (size before relaxing)
 .debug_str     0x000002b2       0x10 c:/mohamed files/new folder/programes/azex collection/tools/tools/imt_sdk_win_32/winavr/bin/../lib/gcc/avr/4.3.3/avr5\libgcc.a(_fpcmp_parts_sf.o)
                                0x163 (size before relaxing)

.debug_loc      0x00000000      0x88e
 *(.debug_loc)
 .debug_loc     0x00000000       0x34 c:/mohamed files/new folder/programes/azex collection/tools/tools/imt_sdk_win_32/winavr/bin/../lib/gcc/avr/4.3.3/avr5\libgcc.a(_fixunssfsi.o)
 .debug_loc     0x00000034      0x32a c:/mohamed files/new folder/programes/azex collection/tools/tools/imt_sdk_win_32/winavr/bin/../lib/gcc/avr/4.3.3/avr5\libgcc.a(_addsub_sf.o)
 .debug_loc     0x0000035e      0x104 c:/mohamed files/new folder/programes/azex collection/tools/tools/imt_sdk_win_32/winavr/bin/../lib/gcc/avr/4.3.3/avr5\libgcc.a(_mul_sf.o)
 .debug_loc     0x00000462       0xc0 c:/mohamed files/new folder/programes/azex collection/tools/tools/imt_sdk_win_32/winavr/bin/../lib/gcc/avr/4.3.3/avr5\libgcc.a(_div_sf.o)
 .debug_loc     0x00000522       0x3c c:/mohamed files/new folder/programes/azex collection/tools/tools/imt_sdk_win_32/winavr/bin/../lib/gcc/avr/4.3.3/avr5\libgcc.a(_gt_sf.o)
 .debug_loc     0x0000055e       0x3c c:/mohamed files/new folder/programes/azex collection/tools/tools/imt_sdk_win_32/winavr/bin/../lib/gcc/avr/4.3.3/avr5\libgcc.a(_ge_sf.o)
 .debug_loc     0x0000059a       0x3c c:/mohamed files/new folder/programes/azex collection/tools/tools/imt_sdk_win_32/winavr/bin/../lib/gcc/avr/4.3.3/avr5\libgcc.a(_lt_sf.o)
 .debug_loc     0x000005d6       0x7e c:/mohamed files/new folder/programes/azex collection/tools/tools/imt_sdk_win_32/winavr/bin/../lib/gcc/avr/4.3.3/avr5\libgcc.a(_sf_to_si.o)
 .debug_loc     0x00000654      0x13e c:/mohamed files/new folder/programes/azex collection/tools/tools/imt_sdk_win_32/winavr/bin/../lib/gcc/avr/4.3.3/avr5\libgcc.a(_pack_sf.o)
 .debug_loc     0x00000792       0xac c:/mohamed files/new folder/programes/azex collection/tools/tools/imt_sdk_win_32/winavr/bin/../lib/gcc/avr/4.3.3/avr5\libgcc.a(_unpack_sf.o)
 .debug_loc     0x0000083e       0x50 c:/mohamed files/new folder/programes/azex collection/tools/tools/imt_sdk_win_32/winavr/bin/../lib/gcc/avr/4.3.3/avr5\libgcc.a(_fpcmp_parts_sf.o)

.debug_macinfo
 *(.debug_macinfo)
OUTPUT(Seg_7.elf elf32-avr)
LOAD linker stubs

.debug_ranges   0x00000000       0x50
 .debug_ranges  0x00000000       0x50 c:/mohamed files/new folder/programes/azex collection/tools/tools/imt_sdk_win_32/winavr/bin/../lib/gcc/avr/4.3.3/avr5\libgcc.a(_mul_sf.o)
